Archive member included to satisfy reference by file (symbol)

/opt/devkitpro/libgba/lib/libmm.a(mm_mas.o)
                              bn_audio_manager.o (mmStart)
/opt/devkitpro/libgba/lib/libmm.a(mm_main.o)
                              /opt/devkitpro/libgba/lib/libmm.a(mm_mas.o) (mmCallback)
/opt/devkitpro/libgba/lib/libmm.a(mm_effect.o)
                              bn_hw_audio.o (mmEffect)
/opt/devkitpro/libgba/lib/libmm.a(mm_mas_arm.o)
                              /opt/devkitpro/libgba/lib/libmm.a(mm_mas.o) (mmAllocChannel)
/opt/devkitpro/libgba/lib/libmm.a(mm_mixer_gba.o)
                              bn_hw_audio.o (mmVBlank)
/opt/devkitpro/libgba/lib/libmm.a(mm_main_gba.o)
                              /opt/devkitpro/libgba/lib/libmm.a(mm_mixer_gba.o) (mm_vblank_function)
/opt/devkitpro/devkitARM/bin/../lib/gcc/arm-none-eabi/13.2.0/thumb/libgcc.a(_call_via_rX.o)
                              /opt/devkitpro/libgba/lib/libmm.a(mm_main_gba.o) (_call_via_r1)
/opt/devkitpro/devkitARM/bin/../lib/gcc/arm-none-eabi/13.2.0/thumb/libgcc.a(_aeabi_ldivmod.o)
                              bn_hw_text.o (__aeabi_ldivmod)
/opt/devkitpro/devkitARM/bin/../lib/gcc/arm-none-eabi/13.2.0/thumb/libgcc.a(_aeabi_uldivmod.o)
                              bn_hw_text.o (__aeabi_uldivmod)
/opt/devkitpro/devkitARM/bin/../lib/gcc/arm-none-eabi/13.2.0/thumb/libgcc.a(_udivmoddi4.o)
                              /opt/devkitpro/devkitARM/bin/../lib/gcc/arm-none-eabi/13.2.0/thumb/libgcc.a(_aeabi_ldivmod.o) (__udivmoddi4)

Discarded input sections

 .text          0x00000000        0x0 /opt/devkitpro/devkitARM/bin/../lib/gcc/arm-none-eabi/13.2.0/../../../../arm-none-eabi/lib/thumb/gba_crt0.o
 .data          0x00000000        0x0 /opt/devkitpro/devkitARM/bin/../lib/gcc/arm-none-eabi/13.2.0/../../../../arm-none-eabi/lib/thumb/gba_crt0.o
 .bss           0x00000000        0x0 /opt/devkitpro/devkitARM/bin/../lib/gcc/arm-none-eabi/13.2.0/../../../../arm-none-eabi/lib/thumb/gba_crt0.o
 .text          0x00000000        0x0 /opt/devkitpro/devkitARM/bin/../lib/gcc/arm-none-eabi/13.2.0/thumb/crti.o
 .data          0x00000000        0x0 /opt/devkitpro/devkitARM/bin/../lib/gcc/arm-none-eabi/13.2.0/thumb/crti.o
 .bss           0x00000000        0x0 /opt/devkitpro/devkitARM/bin/../lib/gcc/arm-none-eabi/13.2.0/thumb/crti.o
 .text          0x00000000        0x0 /opt/devkitpro/devkitARM/bin/../lib/gcc/arm-none-eabi/13.2.0/thumb/crtbegin.o
 .data          0x00000000        0x0 /opt/devkitpro/devkitARM/bin/../lib/gcc/arm-none-eabi/13.2.0/thumb/crtbegin.o
 .bss           0x00000000        0x0 /opt/devkitpro/devkitARM/bin/../lib/gcc/arm-none-eabi/13.2.0/thumb/crtbegin.o
 .rodata.all_implied_fbits
                0x00000000       0x24 /opt/devkitpro/devkitARM/bin/../lib/gcc/arm-none-eabi/13.2.0/thumb/crtbegin.o
 .data.__dso_handle
                0x00000000        0x4 /opt/devkitpro/devkitARM/bin/../lib/gcc/arm-none-eabi/13.2.0/thumb/crtbegin.o
 .text          0x00000000        0x0 _bn_audio_soundbank.bin.o
 .data          0x00000000        0x0 _bn_audio_soundbank.bin.o
 .bss           0x00000000        0x0 _bn_audio_soundbank.bin.o
 .text          0x00000000        0x0 arrow_bn_gfx.o
 .data          0x00000000        0x0 arrow_bn_gfx.o
 .bss           0x00000000        0x0 arrow_bn_gfx.o
 .text          0x00000000        0x0 a_van_car_bn_gfx.o
 .data          0x00000000        0x0 a_van_car_bn_gfx.o
 .bss           0x00000000        0x0 a_van_car_bn_gfx.o
 .rodata        0x00000000      0x520 a_van_car_bn_gfx.o
 .text          0x00000000        0x0 bg_space_bn_gfx.o
 .data          0x00000000        0x0 bg_space_bn_gfx.o
 .bss           0x00000000        0x0 bg_space_bn_gfx.o
 .text          0x00000000        0x0 numbers_bn_gfx.o
 .data          0x00000000        0x0 numbers_bn_gfx.o
 .bss           0x00000000        0x0 numbers_bn_gfx.o
 .rodata        0x00000000      0x1a0 numbers_bn_gfx.o
 .text          0x00000000        0x0 shape_group_texture_10_16_bn_gfx.o
 .data          0x00000000        0x0 shape_group_texture_10_16_bn_gfx.o
 .bss           0x00000000        0x0 shape_group_texture_10_16_bn_gfx.o
 .rodata        0x00000000       0x80 shape_group_texture_10_16_bn_gfx.o
 .text          0x00000000        0x0 shape_group_texture_10_32_bn_gfx.o
 .data          0x00000000        0x0 shape_group_texture_10_32_bn_gfx.o
 .bss           0x00000000        0x0 shape_group_texture_10_32_bn_gfx.o
 .rodata        0x00000000      0x200 shape_group_texture_10_32_bn_gfx.o
 .text          0x00000000        0x0 shape_group_texture_10_64_bn_gfx.o
 .data          0x00000000        0x0 shape_group_texture_10_64_bn_gfx.o
 .bss           0x00000000        0x0 shape_group_texture_10_64_bn_gfx.o
 .rodata        0x00000000      0x800 shape_group_texture_10_64_bn_gfx.o
 .text          0x00000000        0x0 shape_group_texture_10_8_bn_gfx.o
 .data          0x00000000        0x0 shape_group_texture_10_8_bn_gfx.o
[...]
Memory Configuration

Name             Origin             Length             Attributes
rom              0x08000000         0x02000000
iwram            0x03000000         0x00008000
ewram            0x02000000         0x00040000
*default*        0x00000000         0xffffffff

Linker script and memory map

                0x08000000                        __text_start = ORIGIN (rom)
                0x02040000                        __eheap_end = (ORIGIN (ewram) + LENGTH (ewram))
                0x03000000                        __iwram_start = ORIGIN (iwram)
                0x03008000                        __iwram_top = (ORIGIN (iwram) + LENGTH (iwram))
                0x03007fa0                        __sp_irq = (__iwram_top - 0x60)
                0x03007f00                        __sp_usr = (__sp_irq - 0xa0)
                0x03007ff8                        __irq_flags = 0x3007ff8
                0x08000000                        . = __text_start

.crt0           0x08000000      0x210
 *(.crt0)
 .crt0          0x08000000      0x210 /opt/devkitpro/devkitARM/bin/../lib/gcc/arm-none-eabi/13.2.0/../../../../arm-none-eabi/lib/thumb/gba_crt0.o
                0x08000000                _start
                0x080000c4                __boot_method
                0x080000c5                __slave_number
                0x080000e0                start_vector
                0x08000210                        . = ALIGN (0x4)

.init           0x08000210        0xc
 *(SORT_NONE(.init))
 .init          0x08000210        0x4 /opt/devkitpro/devkitARM/bin/../lib/gcc/arm-none-eabi/13.2.0/thumb/crti.o
                0x08000210                _init
 .init          0x08000214        0x8 /opt/devkitpro/devkitARM/bin/../lib/gcc/arm-none-eabi/13.2.0/thumb/crtn.o

.plt            0x0800021c        0x0
 *(.plt)
                0x0800021c                        . = ALIGN (0x4)

.text           0x08000220    0x12108
 *(EXCLUDE_FILE(*.iwram*) .text*)
 .text.__do_global_dtors_aux
                0x08000220       0x2c /opt/devkitpro/devkitARM/bin/../lib/gcc/arm-none-eabi/13.2.0/thumb/crtbegin.o
 .text.frame_dummy
                0x0800024c       0x24 /opt/devkitpro/devkitARM/bin/../lib/gcc/arm-none-eabi/13.2.0/thumb/crtbegin.o
 .text.startup.main
                0x08000270       0xf8 main.o
                0x08000270                main
 .text._ZN2bn13ostringstream11append_argsIiJA4_ciEEEvRKT_DpRKT0_.isra.0
                0x08000368       0x24 bn_affine_bg_animate_actions.o
 .text._ZN3_bn6assert9show_argsIA15_cEEvPKcS4_S4_iRKT_
                0x0800038c       0x50 bn_affine_bg_animate_actions.o
                0x0800038c                void _bn::assert::show_args<char [15]>(char const*, char const*, char const*, int, char const (&) [15])
 .text._ZN3_bn6assert9show_argsIA24_ciEEvPKcS4_S4_iRKT_RKT0_
                0x080003dc       0x58 bn_affine_bg_animate_actions.o
                0x080003dc                void _bn::assert::show_args<char [24], int>(char const*, char const*, char const*, int, char const (&) [24], int const&)
 .text._ZN3_bn6assert9show_argsIJA19_ciA4_ciEEEvPKcS5_S5_iDpRKT_
                0x08000434       0x5c bn_affine_bg_animate_actions.o
                0x08000434                void _bn::assert::show_args<char [19], int, char [4], int>(char const*, char const*, char const*, int, char const (&) [19], int const&, char const (&) [4], int const&)
 .text._ZN2bn13audio_manager4initEv
                0x08000490        0xc bn_audio_manager.o
                0x08000490                bn::audio_manager::init()
 .text._ZN2bn13audio_manager7disableEv
                0x0800049c        0xc bn_audio_manager.o
                0x0800049c                bn::audio_manager::disable()
 .text._ZN2bn13audio_manager22disable_vblank_handlerEv
                0x080004a8        0xc bn_audio_manager.o
                0x080004a8                bn::audio_manager::disable_vblank_handler()
 .text._ZN2bn13audio_manager6updateEv
                0x080004b4       0x18 bn_audio_manager.o
                0x080004b4                bn::audio_manager::update()
 .text._ZN2bn13audio_manager6commitEv
                0x080004cc        0xc bn_audio_manager.o
                0x080004cc                bn::audio_manager::commit()
 .text._ZN3_bn6assert9show_argsIA18_ciEEvPKcS4_S4_iRKT_RKT0_
                0x080004d8       0x58 bn_audio_manager.o
                0x080004d8                void _bn::assert::show_args<char [18], int>(char const*, char const*, char const*, int, char const (&) [18], int const&)
 .text._ZN3_bn6assert9show_argsIA14_ciEEvPKcS4_S4_iRKT_RKT0_
                0x08000530       0x58 bn_audio_manager.o
                0x08000530                void _bn::assert::show_args<char [14], int>(char const*, char const*, char const*, int, char const (&) [14], int const&)
 .text._ZN2bn13audio_manager16execute_commandsEv
                0x08000588      0x274 bn_audio_manager.o
                0x08000588                bn::audio_manager::execute_commands()
 .text._ZN3_bn6assert9show_argsIA26_ciEEvPKcS4_S4_iRKT_RKT0_
                0x080007fc       0x58 bn_audio_manager.o
                0x080007fc                void _bn::assert::show_args<char [26], int>(char const*, char const*, char const*, int, char const (&) [26], int const&)
 .text._ZN3_bn6assert9show_argsIA33_cEEvPKcS4_S4_iRKT_
                0x08000854       0x50 bn_audio_manager.o
                0x08000854                void _bn::assert::show_args<char [33]>(char const*, char const*, char const*, int, char const (&) [33])
 .text._ZN3_bn6assert9show_argsIA25_cEEvPKcS4_S4_iRKT_
                0x080008a4       0x50 bn_audio_manager.o
                0x080008a4                void _bn::assert::show_args<char [25]>(char const*, char const*, char const*, int, char const (&) [25])
 .text._ZN2bn13audio_manager10stop_musicEv
                0x080008f4       0x70 bn_audio_manager.o
                0x080008f4                bn::audio_manager::stop_music()
 .text._ZN2bn13audio_manager4stopEv
                0x08000964       0x60 bn_audio_manager.o
                0x08000964                bn::audio_manager::stop()
 .text._ZN3_bn6assert9show_argsIA24_cEEvPKcS4_S4_iRKT_
                0x080009c4       0x50 bn_audio_manager.o
                0x080009c4                void _bn::assert::show_args<char [24]>(char const*, char const*, char const*, int, char const (&) [24])
 .text.startup._GLOBAL__sub_I__ZN2bn5audio16update_on_vblankEv
                0x08000a14       0x40 bn_audio_manager.o
 .text._ZN3_bn6assert9show_argsIA23_cEEvPKcS4_S4_iRKT_
                0x08000a54       0x50 bn_best_fit_allocator.o
                0x08000a54                void _bn::assert::show_args<char [23]>(char const*, char const*, char const*, int, char const (&) [23])
 .text._ZN2bn18best_fit_allocatorD2Ev
                0x08000aa4       0x34 bn_best_fit_allocator.o
                0x08000aa4                bn::best_fit_allocator::~best_fit_allocator()
                0x08000aa4                bn::best_fit_allocator::~best_fit_allocator()
 .text._ZN3_bn6assert9show_argsIA16_ciEEvPKcS4_S4_iRKT_RKT0_
                0x08000ad8       0x58 bn_best_fit_allocator.o
                0x08000ad8                void _bn::assert::show_args<char [16], int>(char const*, char const*, char const*, int, char const (&) [16], int const&)
 .text._ZN2bn18best_fit_allocator5allocEi
                0x08000b30      0x160 bn_best_fit_allocator.o
                0x08000b30                bn::best_fit_allocator::alloc(int)
 .text._ZN3_bn6assert9show_argsIA14_cEEvPKcS4_S4_iRKT_
                0x08000c90       0x50 bn_best_fit_allocator.o
                0x08000c90                void _bn::assert::show_args<char [14]>(char const*, char const*, char const*, int, char const (&) [14])
 .text._ZN3_bn6assert9show_argsIA21_cEEvPKcS4_S4_iRKT_
                0x08000ce0       0x50 bn_best_fit_allocator.o
                0x08000ce0                void _bn::assert::show_args<char [21]>(char const*, char const*, char const*, int, char const (&) [21])
 .text._ZN2bn18best_fit_allocator5resetEPvi
                0x08000d30       0xc4 bn_best_fit_allocator.o
                0x08000d30                bn::best_fit_allocator::reset(void*, int)
 .text._ZN2bn17bg_blocks_manager12_GLOBAL__N_117_hw_commit_offsetEPKtjtPt
                0x08000df4       0x90 bn_bg_blocks_manager.o
 .text._ZN2bn17bg_blocks_manager12_GLOBAL__N_125_regular_map_blocks_countEii
                0x08000e84       0x38 bn_bg_blocks_manager.o
 .text._ZN2bn13ostringstream11append_argsIiJA4_ctEEEvRKT_DpRKT0_.isra.0
                0x08000ebc       0x24 bn_bg_blocks_manager.o
 .text._ZN2bn13ostringstream11append_argsIiJA4_ciEEEvRKT_DpRKT0_.isra.0
                0x08000ee0       0x24 bn_bg_blocks_manager.o
 .text._ZNK2bn18regular_bg_map_ptr2idEv
                0x08000f04       0x18 bn_bg_blocks_manager.o
                0x08000f04                bn::regular_bg_map_ptr::id() const
 .text._ZNK2bn18regular_bg_map_ptr10dimensionsEv
                0x08000f1c       0x20 bn_bg_blocks_manager.o
                0x08000f1c                bn::regular_bg_map_ptr::dimensions() const
 .text._ZNK2bn20regular_bg_tiles_ptr3cbbEv
                0x08000f3c       0x18 bn_bg_blocks_manager.o
                0x08000f3c                bn::regular_bg_tiles_ptr::cbb() const
 .text._ZNK2bn17affine_bg_map_ptr2idEv
                0x08000f54       0x18 bn_bg_blocks_manager.o
                0x08000f54                bn::affine_bg_map_ptr::id() const
 .text._ZNK2bn17affine_bg_map_ptr10dimensionsEv
                0x08000f6c       0x20 bn_bg_blocks_manager.o
                0x08000f6c                bn::affine_bg_map_ptr::dimensions() const
 .text._ZNK2bn19affine_bg_tiles_ptr3cbbEv
                0x08000f8c       0x18 bn_bg_blocks_manager.o
                0x08000f8c                bn::affine_bg_tiles_ptr::cbb() const
 .text._ZN2bn17bg_blocks_manager10log_statusEv
                0x08000fa4      0x3f8 bn_bg_blocks_manager.o
                0x08000fa4                bn::bg_blocks_manager::log_status()
 .text._ZN2bn17bg_blocks_manager15decrease_usagesEi
                0x0800139c       0x98 bn_bg_blocks_manager.o
                0x0800139c                bn::bg_blocks_manager::decrease_usages(int)
 .text._ZN2bn18regular_bg_map_ptrD2Ev
                0x08001434       0x18 bn_bg_blocks_manager.o
                0x08001434                bn::regular_bg_map_ptr::~regular_bg_map_ptr()
                0x08001434                bn::regular_bg_map_ptr::~regular_bg_map_ptr()
 .text._ZN2bn17bg_blocks_manager12_GLOBAL__N_110items_list12insert_afterEiRKNS1_9item_typeE.constprop.0
                0x0800144c      0x250 bn_bg_blocks_manager.o
 .text._ZN2bn17bg_blocks_manager4initEv
                0x0800169c       0x7c bn_bg_blocks_manager.o
                0x0800169c                bn::bg_blocks_manager::init()
 .text._ZN2bn17bg_blocks_manager11must_commitEi
                0x08001718       0x18 bn_bg_blocks_manager.o
                0x08001718                bn::bg_blocks_manager::must_commit(int)
 .text._ZN3_bn6assert9show_argsIA15_ciEEvPKcS4_S4_iRKT_RKT0_
                0x08001730       0x58 bn_bg_blocks_manager.o
                0x08001730                void _bn::assert::show_args<char [15], int>(char const*, char const*, char const*, int, char const (&) [15], int const&)
 .text._ZN3_bn6assert9show_argsIA52_ctEEvPKcS4_S4_iRKT_RKT0_
                0x08001788       0x58 bn_bg_blocks_manager.o
                0x08001788                void _bn::assert::show_args<char [52], unsigned short>(char const*, char const*, char const*, int, char const (&) [52], unsigned short const&)
 .text._ZN3_bn6assert9show_argsIJA20_ciA4_ctEEEvPKcS5_S5_iDpRKT_
                0x080017e0       0x5c bn_bg_blocks_manager.o
                0x080017e0                void _bn::assert::show_args<char [20], int, char [4], unsigned short>(char const*, char const*, char const*, int, char const (&) [20], int const&, char const (&) [4], unsigned short const&)
 .text._ZN3_bn6assert9show_argsIJA22_ciA4_ciEEEvPKcS5_S5_iDpRKT_
                0x0800183c       0x5c bn_bg_blocks_manager.o
                0x0800183c                void _bn::assert::show_args<char [22], int, char [4], int>(char const*, char const*, char const*, int, char const (&) [22], int const&, char const (&) [4], int const&)
 .text._ZN3_bn6assert9show_argsIJA58_ciA4_ciEEEvPKcS5_S5_iDpRKT_
                0x08001898       0x5c bn_bg_blocks_manager.o
                0x08001898                void _bn::assert::show_args<char [58], int, char [4], int>(char const*, char const*, char const*, int, char const (&) [58], int const&, char const (&) [4], int const&)
 .text._ZN3_bn6assert9show_argsIA27_ciEEvPKcS4_S4_iRKT_RKT0_
                0x080018f4       0x58 bn_bg_blocks_manager.o
                0x080018f4                void _bn::assert::show_args<char [27], int>(char const*, char const*, char const*, int, char const (&) [27], int const&)
 .text._ZN2bn17bg_blocks_manager12_GLOBAL__N_110_hw_commitEPKtNS_16compression_typeEiPt
                0x0800194c       0x50 bn_bg_blocks_manager.o
 .text._ZN3_bn6assert9show_argsIA22_ciEEvPKcS4_S4_iRKT_RKT0_
                0x0800199c       0x58 bn_bg_blocks_manager.o
                0x0800199c                void _bn::assert::show_args<char [22], int>(char const*, char const*, char const*, int, char const (&) [22], int const&)
 .text._ZN3_bn6assert9show_argsIJA44_cPKtA4_cS4_EEEvPKcS7_S7_iDpRKT_
                0x080019f4       0x6c bn_bg_blocks_manager.o
                0x080019f4                void _bn::assert::show_args<char [44], unsigned short const*, char [4], unsigned short const*>(char const*, char const*, char const*, int, char const (&) [44], unsigned short const* const&, char const (&) [4], unsigned short const* const&)
 .text._ZN3_bn6assert9show_argsIJA46_ciA4_ciEEEvPKcS5_S5_iDpRKT_
                0x08001a60       0x5c bn_bg_blocks_manager.o
                0x08001a60                void _bn::assert::show_args<char [46], int, char [4], int>(char const*, char const*, char const*, int, char const (&) [46], int const&, char const (&) [4], int const&)
 .text._ZN3_bn6assert9show_argsIJA37_cbA4_cbEEEvPKcS5_S5_iDpRKT_
                0x08001abc       0x84 bn_bg_blocks_manager.o
                0x08001abc                void _bn::assert::show_args<char [37], bool, char [4], bool>(char const*, char const*, char const*, int, char const (&) [37], bool const&, char const (&) [4], bool const&)
 .text._ZN3_bn6assert9show_argsIA19_cEEvPKcS4_S4_iRKT_
                0x08001b40       0x50 bn_bg_blocks_manager.o
                0x08001b40                void _bn::assert::show_args<char [19]>(char const*, char const*, char const*, int, char const (&) [19])
 .text._ZN2bn17bg_blocks_manager12_GLOBAL__N_116_find_tiles_implEPKtNS_16compression_typeEib
                0x08001b90      0x1dc bn_bg_blocks_manager.o
 .text._ZN3_bn6assert9show_argsIJA34_ciA4_ctEEEvPKcS5_S5_iDpRKT_
                0x08001d6c       0x5c bn_bg_blocks_manager.o
                0x08001d6c                void _bn::assert::show_args<char [34], int, char [4], unsigned short>(char const*, char const*, char const*, int, char const (&) [34], int const&, char const (&) [4], unsigned short const&)
 .text._ZN3_bn6assert9show_argsIJA36_ciA4_ctEEEvPKcS5_S5_iDpRKT_
                0x08001dc8       0x5c bn_bg_blocks_manager.o
                0x08001dc8                void _bn::assert::show_args<char [36], int, char [4], unsigned short>(char const*, char const*, char const*, int, char const (&) [36], int const&, char const (&) [4], unsigned short const&)
 .text._ZN3_bn6assert9show_argsIJA54_ciA4_ciEEEvPKcS5_S5_iDpRKT_
                0x08001e24       0x5c bn_bg_blocks_manager.o
                0x08001e24                void _bn::assert::show_args<char [54], int, char [4], int>(char const*, char const*, char const*, int, char const (&) [54], int const&, char const (&) [4], int const&)
 .text._ZN3_bn6assert9show_argsIA22_cEEvPKcS4_S4_iRKT_
                0x08001e80       0x50 bn_bg_blocks_manager.o
                0x08001e80                void _bn::assert::show_args<char [22]>(char const*, char const*, char const*, int, char const (&) [22])
 .text._ZNK2bn18regular_bg_map_ptr5tilesEv
                0x08001ed0       0x48 bn_bg_blocks_manager.o
                0x08001ed0                bn::regular_bg_map_ptr::tiles() const
 .text._ZNK2bn17affine_bg_map_ptr5tilesEv
                0x08001f18       0x48 bn_bg_blocks_manager.o
                0x08001f18                bn::affine_bg_map_ptr::tiles() const
 .text._ZNK2bn18regular_bg_map_ptr3bppEv
                0x08001f60       0x4c bn_bg_blocks_manager.o
                0x08001f60                bn::regular_bg_map_ptr::bpp() const
 .text._ZN2bn17bg_blocks_manager21update_affine_map_rowEiii
                0x08001fac       0xd0 bn_bg_blocks_manager.o
                0x08001fac                bn::bg_blocks_manager::update_affine_map_row(int, int, int)
 .text._ZN2bn17bg_blocks_manager23set_affine_map_positionEiii
                0x0800207c      0x15c bn_bg_blocks_manager.o
                0x0800207c                bn::bg_blocks_manager::set_affine_map_position(int, int, int)
 .text._ZN2bn17bg_blocks_manager21update_affine_map_colEiii
                0x080021d8      0x224 bn_bg_blocks_manager.o
                0x080021d8                bn::bg_blocks_manager::update_affine_map_col(int, int, int)
 .text._ZN2bn17bg_blocks_manager22update_regular_map_rowEiii
                0x080023fc      0x110 bn_bg_blocks_manager.o
                0x080023fc                bn::bg_blocks_manager::update_regular_map_row(int, int, int)
 .text._ZN2bn17bg_blocks_manager22update_regular_map_colEiii
                0x0800250c      0x174 bn_bg_blocks_manager.o
                0x0800250c                bn::bg_blocks_manager::update_regular_map_col(int, int, int)
 .text._ZN2bn17bg_blocks_manager24set_regular_map_positionEiii
                0x08002680      0x180 bn_bg_blocks_manager.o
                0x08002680                bn::bg_blocks_manager::set_regular_map_position(int, int, int)
 .text._ZN2bn17bg_blocks_manager21set_regular_map_tilesEiONS_20regular_bg_tiles_ptrE
                0x08002800      0x25c bn_bg_blocks_manager.o
                0x08002800                bn::bg_blocks_manager::set_regular_map_tiles(int, bn::regular_bg_tiles_ptr&&)
 .text._ZN2bn17bg_blocks_manager23set_regular_map_paletteEiONS_14bg_palette_ptrE
                0x08002a5c      0x224 bn_bg_blocks_manager.o
                0x08002a5c                bn::bg_blocks_manager::set_regular_map_palette(int, bn::bg_palette_ptr&&)
 .text._ZN2bn17bg_blocks_manager12_GLOBAL__N_112_commit_itemERKNS1_9item_typeE
                0x08002c80      0x1a8 bn_bg_blocks_manager.o
 .text._ZN2bn17bg_blocks_manager6commitEv
                0x08002e28       0x40 bn_bg_blocks_manager.o
                0x08002e28                bn::bg_blocks_manager::commit()
 .text._ZN3_bn6assert9show_argsIJA34_ciA4_ciEEEvPKcS5_S5_iDpRKT_
                0x08002e68       0x5c bn_bg_blocks_manager.o
                0x08002e68                void _bn::assert::show_args<char [34], int, char [4], int>(char const*, char const*, char const*, int, char const (&) [34], int const&, char const (&) [4], int const&)
 .text._ZN3_bn6assert9show_argsIJA38_ciA4_ciEEEvPKcS5_S5_iDpRKT_
                0x08002ec4       0x5c bn_bg_blocks_manager.o
                0x08002ec4                void _bn::assert::show_args<char [38], int, char [4], int>(char const*, char const*, char const*, int, char const (&) [38], int const&, char const (&) [4], int const&)
 .text._ZN3_bn6assert9show_argsIJA32_cA15_cPKtA16_ciA17_ciA34_cN2bn11string_viewEEEEvPKcSC_SC_iDpRKT_
                0x08002f20       0x94 bn_bg_blocks_manager.o
                0x08002f20                void _bn::assert::show_args<char [32], char [15], unsigned short const*, char [16], int, char [17], int, char [34], bn::string_view>(char const*, char const*, char const*, int, char const (&) [32], char const (&) [15], unsigned short const* const&, char const (&) [16], int const&, char const (&) [17], int const&, char const (&) [34], bn::string_view const&)
 .text._ZN3_bn6assert9show_argsIA26_cEEvPKcS4_S4_iRKT_
                0x08002fb4       0x50 bn_bg_blocks_manager.o
                0x08002fb4                void _bn::assert::show_args<char [26]>(char const*, char const*, char const*, int, char const (&) [26])
 .text._ZN3_bn6assert9show_argsIA46_cEEvPKcS4_S4_iRKT_
                0x08003004       0x50 bn_bg_blocks_manager.o
                0x08003004                void _bn::assert::show_args<char [46]>(char const*, char const*, char const*, int, char const (&) [46])
 .text._ZN3_bn6assert9show_argsIJA30_cA13_cPKtA14_ciA15_ciA17_ciA34_cN2bn11string_viewEEEEvPKcSD_SD_iDpRKT_
                0x08003054       0xa8 bn_bg_blocks_manager.o
                0x08003054                void _bn::assert::show_args<char [30], char [13], unsigned short const*, char [14], int, char [15], int, char [17], int, char [34], bn::string_view>(char const*, char const*, char const*, int, char const (&) [30], char const (&) [13], unsigned short const* const&, char const (&) [14], int const&, char const (&) [15], int const&, char const (&) [17], int const&, char const (&) [34], bn::string_view const&)
 .text._ZN3_bn6assert9show_argsIA31_cEEvPKcS4_S4_iRKT_
                0x080030fc       0x50 bn_bg_blocks_manager.o
                0x080030fc                void _bn::assert::show_args<char [31]>(char const*, char const*, char const*, int, char const (&) [31])
 .text._ZN3_bn6assert9show_argsIA17_cEEvPKcS4_S4_iRKT_
                0x0800314c       0x50 bn_bg_blocks_manager.o
                0x0800314c                void _bn::assert::show_args<char [17]>(char const*, char const*, char const*, int, char const (&) [17])
 .text._ZN3_bn6assert9show_argsIJA37_ciA4_ciEEEvPKcS5_S5_iDpRKT_
                0x0800319c       0x5c bn_bg_blocks_manager.o
                0x0800319c                void _bn::assert::show_args<char [37], int, char [4], int>(char const*, char const*, char const*, int, char const (&) [37], int const&, char const (&) [4], int const&)
 .text._ZN2bn17bg_blocks_manager33set_regular_map_tiles_and_paletteEiONS_20regular_bg_tiles_ptrEONS_14bg_palette_ptrE
                0x080031f8      0x2e8 bn_bg_blocks_manager.o
                0x080031f8                bn::bg_blocks_manager::set_regular_map_tiles_and_palette(int, bn::regular_bg_tiles_ptr&&, bn::bg_palette_ptr&&)
 .text._ZN2bn17bg_blocks_manager12_GLOBAL__N_122_find_regular_map_implERKNS_19regular_bg_map_itemEPKtRKNS_20regular_bg_tiles_ptrERKNS_14bg_palette_ptrE
                0x080034e0      0x374 bn_bg_blocks_manager.o
 .text._ZN3_bn6assert9show_argsIA39_ciEEvPKcS4_S4_iRKT_RKT0_
                0x08003854       0x58 bn_bg_blocks_manager.o
                0x08003854                void _bn::assert::show_args<char [39], int>(char const*, char const*, char const*, int, char const (&) [39], int const&)
 .text._ZN3_bn6assert9show_argsIA25_ciEEvPKcS4_S4_iRKT_RKT0_
                0x080038ac       0x58 bn_bg_blocks_manager.o
                0x080038ac                void _bn::assert::show_args<char [25], int>(char const*, char const*, char const*, int, char const (&) [25], int const&)
 .text._ZN2bn14iunordered_mapIPKviNS_17bg_blocks_manager12_GLOBAL__N_115identity_hasherENS_8equal_toIS2_EEE5eraseERKNS8_14const_iteratorE.constprop.0.isra.0
                0x08003904      0x1a4 bn_bg_blocks_manager.o
 .text._ZN2bn17bg_blocks_manager12_GLOBAL__N_121_remove_adjacent_itemEiRNS1_9item_typeE
                0x08003aa8       0xcc bn_bg_blocks_manager.o
 .text._ZN2bn17bg_blocks_manager6updateEv
                0x08003b74      0x204 bn_bg_blocks_manager.o
                0x08003b74                bn::bg_blocks_manager::update()
 .text._ZN2bn17bg_blocks_manager12_GLOBAL__N_112_create_itemEiibONS1_11create_dataE
                0x08003d78      0x524 bn_bg_blocks_manager.o
 .text._ZN2bn17bg_blocks_manager12_GLOBAL__N_112_create_implEONS1_11create_dataE
                0x0800429c      0x1fc bn_bg_blocks_manager.o
 .text._ZN2bn17bg_blocks_manager20create_regular_tilesERKNS_21regular_bg_tiles_itemEb
                0x08004498      0x148 bn_bg_blocks_manager.o
                0x08004498                bn::bg_blocks_manager::create_regular_tiles(bn::regular_bg_tiles_item const&, bool)
 .text._ZN2bn17bg_blocks_manager18create_regular_mapERKNS_19regular_bg_map_itemEPKtONS_20regular_bg_tiles_ptrEONS_14bg_palette_ptrEb
                0x080045e0      0x284 bn_bg_blocks_manager.o
                0x080045e0                bn::bg_blocks_manager::create_regular_map(bn::regular_bg_map_item const&, unsigned short const*, bn::regular_bg_tiles_ptr&&, bn::bg_palette_ptr&&, bool)
 .text._ZN2bn18regular_bg_map_ptr6createERKNS_15regular_bg_itemEi
                0x08004864       0xcc bn_bg_blocks_manager.o
                0x08004864                bn::regular_bg_map_ptr::create(bn::regular_bg_item const&, int)
 .text.startup._GLOBAL__sub_I__ZN2bn7bg_maps16used_cells_countEv
                0x08004930       0x98 bn_bg_blocks_manager.o
 .text.exit._GLOBAL__sub_D__ZN2bn7bg_maps16used_cells_countEv
                0x080049c8       0x50 bn_bg_blocks_manager.o
 .text._ZN2bn11bgs_manager12_GLOBAL__N_129_check_unique_regular_big_mapERNS1_9item_typeE
                0x08004a18       0x68 bn_bgs_manager.o
 .text._ZN2bn11bgs_manager12_GLOBAL__N_133_update_item_hw_affine_attributesERKNS1_9item_typeE
                0x08004a80       0x48 bn_bgs_manager.o
 .text._ZN2bn13ostringstream11append_argsIiJA4_ciEEEvRKT_DpRKT0_.isra.0
                0x08004ac8       0x24 bn_bgs_manager.o
 .text._ZN2bn11bgs_manager5hw_idEPv
                0x08004aec        0x8 bn_bgs_manager.o
                0x08004aec                bn::bgs_manager::hw_id(void*)
 .text._ZN2bn11bgs_manager11hw_positionEPv
                0x08004af4        0x4 bn_bgs_manager.o
                0x08004af4                bn::bgs_manager::hw_position(void*)
 .text._ZN2bn11bgs_manager14mat_attributesEPv
                0x08004af8        0x4 bn_bgs_manager.o
                0x08004af8                bn::bgs_manager::mat_attributes(void*)
 .text._ZN2bn11bgs_manager20update_windows_flagsEPj
                0x08004afc       0x7c bn_bgs_manager.o
                0x08004afc                bn::bgs_manager::update_windows_flags(unsigned int*)
 .text._ZN2bn11bgs_manager28update_regular_map_tiles_cbbEii
                0x08004b78       0xa8 bn_bgs_manager.o
                0x08004b78                bn::bgs_manager::update_regular_map_tiles_cbb(int, int)
 .text._ZN2bn11bgs_manager30update_regular_map_palette_bppEiNS_8bpp_modeE
                0x08004c20       0xac bn_bgs_manager.o
                0x08004c20                bn::bgs_manager::update_regular_map_palette_bpp(int, bn::bpp_mode)
 .text._ZN2bn11bgs_manager36fill_hblank_effect_regular_positionsEiPKNS_7fixed_tILi12EEEPt
                0x08004ccc       0x38 bn_bgs_manager.o
                0x08004ccc                bn::bgs_manager::fill_hblank_effect_regular_positions(int, bn::fixed_t<12> const*, unsigned short*)
 .text._ZN2bn11bgs_manager45fill_hblank_effect_pivot_horizontal_positionsEPvPKNS_7fixed_tILi12EEEPj
                0x08004d04       0x24 bn_bgs_manager.o
                0x08004d04                bn::bgs_manager::fill_hblank_effect_pivot_horizontal_positions(void*, bn::fixed_t<12> const*, unsigned int*)
 .text._ZN2bn11bgs_manager43fill_hblank_effect_pivot_vertical_positionsEPvPKNS_7fixed_tILi12EEEPj
                0x08004d28       0x24 bn_bgs_manager.o
                0x08004d28                bn::bgs_manager::fill_hblank_effect_pivot_vertical_positions(void*, bn::fixed_t<12> const*, unsigned int*)
 .text._ZN2bn11bgs_manager6commitEb
                0x08004d4c       0x58 bn_bgs_manager.o
                0x08004d4c                bn::bgs_manager::commit(bool)
 .text._ZN2bn11bgs_manager4stopEv
                0x08004da4       0x28 bn_bgs_manager.o
                0x08004da4                bn::bgs_manager::stop()
 .text._ZN3_bn6assert9show_argsIA17_ciEEvPKcS4_S4_iRKT_RKT0_
                0x08004dcc       0x58 bn_bgs_manager.o
                0x08004dcc                void _bn::assert::show_args<char [17], int>(char const*, char const*, char const*, int, char const (&) [17], int const&)
 .text._ZN3_bn6assert9show_argsIA30_cEEvPKcS4_S4_iRKT_
                0x08004e24       0x50 bn_bgs_manager.o
                0x08004e24                void _bn::assert::show_args<char [30]>(char const*, char const*, char const*, int, char const (&) [30])
 .text._ZN3_bn6assert9show_argsIJA60_ciA4_ciEEEvPKcS5_S5_iDpRKT_
                0x08004e74       0x5c bn_bgs_manager.o
                0x08004e74                void _bn::assert::show_args<char [60], int, char [4], int>(char const*, char const*, char const*, int, char const (&) [60], int const&, char const (&) [4], int const&)
 .text._ZN3_bn6assert9show_argsIJA59_ciA4_ciEEEvPKcS5_S5_iDpRKT_
                0x08004ed0       0x5c bn_bgs_manager.o
                0x08004ed0                void _bn::assert::show_args<char [59], int, char [4], int>(char const*, char const*, char const*, int, char const (&) [59], int const&, char const (&) [4], int const&)
 .text._ZN3_bn6assert9show_argsIJA57_ciA4_ciEEEvPKcS5_S5_iDpRKT_
                0x08004f2c       0x5c bn_bgs_manager.o
                0x08004f2c                void _bn::assert::show_args<char [57], int, char [4], int>(char const*, char const*, char const*, int, char const (&) [57], int const&, char const (&) [4], int const&)
 .text._ZN2bn11bgs_manager14update_camerasEv
                0x08004f88      0x2b4 bn_bgs_manager.o
                0x08004f88                bn::bgs_manager::update_cameras()
 .text._ZN3_bn6assert9show_argsIA27_cEEvPKcS4_S4_iRKT_
                0x0800523c       0x50 bn_bgs_manager.o
                0x0800523c                void _bn::assert::show_args<char [27]>(char const*, char const*, char const*, int, char const (&) [27])
 .text._ZN2bn11bgs_manager15rebuild_handlesEv.part.0
                0x0800528c      0x198 bn_bgs_manager.o
 .text._ZN2bn18regular_bg_builder11release_mapEv
                0x08005424       0x78 bn_bgs_manager.o
                0x08005424                bn::regular_bg_builder::release_map()
 .text._ZN2bn11bgs_manager37fill_hblank_effect_regular_attributesEPvPKNS_21regular_bg_attributesEPt
                0x0800549c      0x100 bn_bgs_manager.o
                0x0800549c                bn::bgs_manager::fill_hblank_effect_regular_attributes(void*, bn::regular_bg_attributes const*, unsigned short*)
 .text._ZN2bn11bgs_manager6updateEv
                0x0800559c      0x1d0 bn_bgs_manager.o
                0x0800559c                bn::bgs_manager::update()
 .text._ZN2bn11bgs_manager15commit_big_mapsEv
                0x0800576c      0x1d4 bn_bgs_manager.o
                0x0800576c                bn::bgs_manager::commit_big_maps()
 .text._ZN2bn11bgs_manager36fill_hblank_effect_affine_attributesEPvPKNS_20affine_bg_attributesEPt
                0x08005940      0x104 bn_bgs_manager.o
                0x08005940                bn::bgs_manager::fill_hblank_effect_affine_attributes(void*, bn::affine_bg_attributes const*, unsigned short*)
 .text._ZN2bn11bgs_manager12_GLOBAL__N_19item_type18update_regular_mapEv
                0x08005a44      0x230 bn_bgs_manager.o
 .text._ZN2bn11bgs_manager11regular_mapEPv
                0x08005c74       0x34 bn_bgs_manager.o
                0x08005c74                bn::bgs_manager::regular_map(void*)
 .text._ZN2bn11bgs_manager10affine_mapEPv
                0x08005ca8       0x34 bn_bgs_manager.o
                0x08005ca8                bn::bgs_manager::affine_map(void*)
 .text._ZN2bn11bgs_manager12_GLOBAL__N_112_insert_itemERNS1_9item_typeE
                0x08005cdc      0x10c bn_bgs_manager.o
 .text._ZN3_bn6assert9show_argsIA13_cEEvPKcS4_S4_iRKT_
                0x08005de8       0x50 bn_bgs_manager.o
                0x08005de8                void _bn::assert::show_args<char [13]>(char const*, char const*, char const*, int, char const (&) [13])
 .text._ZN2bn11bgs_manager6createEONS_18regular_bg_builderE
                0x08005e38      0x1d4 bn_bgs_manager.o
                0x08005e38                bn::bgs_manager::create(bn::regular_bg_builder&&)
 .text._ZNK2bn15regular_bg_item9create_bgENS_7fixed_tILi12EEES2_
                0x0800600c       0x78 bn_bgs_manager.o
                0x0800600c                bn::regular_bg_item::create_bg(bn::fixed_t<12>, bn::fixed_t<12>) const
 .text.startup._GLOBAL__sub_I__ZN2bn3bgs16used_items_countEv
                0x08006084       0x80 bn_bgs_manager.o
 .text.exit._GLOBAL__sub_D__ZN2bn3bgs16used_items_countEv
                0x08006104       0x14 bn_bgs_manager.o
 .text._ZN2bn10camera_ptrD2Ev
                0x08006118       0x38 bn_cameras_manager.o
                0x08006118                bn::camera_ptr::~camera_ptr()
                0x08006118                bn::camera_ptr::~camera_ptr()
 .text._ZNK2bn10camera_ptr8positionEv
                0x08006150       0x14 bn_cameras_manager.o
                0x08006150                bn::camera_ptr::position() const
 .text._ZN2bn15cameras_manager4initEv
                0x08006164       0x10 bn_cameras_manager.o
                0x08006164                bn::cameras_manager::init()
 .text._ZN2bn15cameras_manager6updateEv
                0x08006174       0x28 bn_cameras_manager.o
                0x08006174                bn::cameras_manager::update()
 .text._ZN2bn4core12_GLOBAL__N_14stopEb.constprop.0
                0x0800619c       0x54 bn_core.o
 .text._ZN2bn4core12_GLOBAL__N_111update_implEv
                0x080061f0       0xd8 bn_core.o
 .text._ZN2bn11string_viewC2EPKc
                0x080062c8       0x1c bn_core.o
                0x080062c8                bn::string_view::string_view(char const*)
                0x080062c8                bn::string_view::string_view(char const*)
 .text._ZN2bn4core6updateEv
                0x080062e4       0x68 bn_core.o
                0x080062e4                bn::core::update()
 .text._ZN2bn4core4initERKNS_11string_viewE
                0x0800634c       0x94 bn_core.o
                0x0800634c                bn::core::init(bn::string_view const&)
 .text._ZN2bn4core4initEv
                0x080063e0       0x18 bn_core.o
                0x080063e0                bn::core::init()
 .text._ZN2bn4core9on_vblankEv
                0x080063f8       0x2c bn_core.o
                0x080063f8                bn::core::on_vblank()
 .text._ZN3_bn6assert4showEPKcS2_S2_iRKN2bn12istring_baseE
                0x08006424       0x80 bn_core.o
                0x08006424                _bn::assert::show(char const*, char const*, char const*, int, bn::istring_base const&)
 .text.startup._GLOBAL__sub_I__ZN2bn4core4initEv
                0x080064a4       0x44 bn_core.o
 .text._ZN2bn15display_manager12_GLOBAL__N_134_update_rect_windows_hw_boundariesEi
                0x080064e8       0x84 bn_display_manager.o
 .text._ZN2bn15display_manager4initEv
                0x0800656c       0x40 bn_display_manager.o
                0x0800656c                bn::display_manager::init()
 .text._ZN2bn15display_manager8set_modeEi
                0x080065ac       0x1c bn_display_manager.o
                0x080065ac                bn::display_manager::set_mode(int)
 .text._ZN2bn15display_manager14set_bg_enabledEib
                0x080065c8       0x1c bn_display_manager.o
                0x080065c8                bn::display_manager::set_bg_enabled(int, bool)
 .text._ZN2bn15display_manager15disable_all_bgsEv
                0x080065e4       0x18 bn_display_manager.o
                0x080065e4                bn::display_manager::disable_all_bgs()
 .text._ZN2bn15display_manager36fill_mosaic_hblank_effect_attributesEPKNS_17mosaic_attributesEPt
                0x080065fc       0xb4 bn_display_manager.o
                0x080065fc                bn::display_manager::fill_mosaic_hblank_effect_attributes(bn::mosaic_attributes const*, unsigned short*)
 .text._ZN2bn15display_manager23set_blending_bg_enabledEib
                0x080066b0       0x1c bn_display_manager.o
                0x080066b0                bn::display_manager::set_blending_bg_enabled(int, bool)
 .text._ZN2bn15display_manager32blending_transparency_top_weightEv
                0x080066cc       0x18 bn_display_manager.o
                0x080066cc                bn::display_manager::blending_transparency_top_weight()
 .text._ZN2bn15display_manager35blending_transparency_bottom_weightEv
                0x080066e4       0x28 bn_display_manager.o
                0x080066e4                bn::display_manager::blending_transparency_bottom_weight()
 .text._ZN2bn15display_manager51fill_blending_transparency_hblank_effect_attributesEPKNS_32blending_transparency_attributesEPt
                0x0800670c       0x30 bn_display_manager.o
                0x0800670c                bn::display_manager::fill_blending_transparency_hblank_effect_attributes(bn::blending_transparency_attributes const*, unsigned short*)
 .text._ZN2bn15display_manager21blending_fade_enabledEv
                0x0800673c        0xc bn_display_manager.o
                0x0800673c                bn::display_manager::blending_fade_enabled()
 .text._ZN2bn15display_manager39fill_blending_fade_hblank_effect_alphasEPKNS_19blending_fade_alphaEPt
                0x08006748       0x24 bn_display_manager.o
                0x08006748                bn::display_manager::fill_blending_fade_hblank_effect_alphas(bn::blending_fade_alpha const*, unsigned short*)
 .text._ZN2bn15display_manager26update_windows_visible_bgsEv
                0x0800676c       0x14 bn_display_manager.o
                0x0800676c                bn::display_manager::update_windows_visible_bgs()
 .text._ZN2bn15display_manager36rect_window_hw_horizontal_boundariesEi
                0x08006780       0x14 bn_display_manager.o
                0x08006780                bn::display_manager::rect_window_hw_horizontal_boundaries(int)
 .text._ZN2bn15display_manager34rect_window_hw_vertical_boundariesEi
                0x08006794       0x14 bn_display_manager.o
                0x08006794                bn::display_manager::rect_window_hw_vertical_boundaries(int)
 .text._ZN2bn15display_manager52fill_rect_window_hblank_effect_horizontal_boundariesERKNS_4pairIiiEEPKNS1_INS_7fixed_tILi12EEES6_EEPt
                0x080067a8      0x13c bn_display_manager.o
                0x080067a8                bn::display_manager::fill_rect_window_hblank_effect_horizontal_boundaries(bn::pair<int, int> const&, bn::pair<bn::fixed_t<12>, bn::fixed_t<12> > const*, unsigned short*)
 .text._ZN2bn15display_manager50fill_rect_window_hblank_effect_vertical_boundariesERKNS_4pairIiiEEPKNS1_INS_7fixed_tILi12EEES6_EEPt
                0x080068e4      0x13c bn_display_manager.o
                0x080068e4                bn::display_manager::fill_rect_window_hblank_effect_vertical_boundaries(bn::pair<int, int> const&, bn::pair<bn::fixed_t<12>, bn::fixed_t<12> > const*, unsigned short*)
 .text._ZN2bn15display_manager36fill_green_swap_hblank_effect_statesEPKbPt
                0x08006a20       0x38 bn_display_manager.o
                0x08006a20                bn::display_manager::fill_green_swap_hblank_effect_states(bool const*, unsigned short*)
 .text._ZN2bn15display_manager14update_camerasEv
                0x08006a58       0x40 bn_display_manager.o
                0x08006a58                bn::display_manager::update_cameras()
 .text._ZN2bn15display_manager6updateEv
                0x08006a98      0x218 bn_display_manager.o
                0x08006a98                bn::display_manager::update()
 .text._ZN2bn15display_manager6commitEv
                0x08006cb0      0x130 bn_display_manager.o
                0x08006cb0                bn::display_manager::commit()
 .text._ZN2bn15display_manager4stopEv
                0x08006de0       0x2c bn_display_manager.o
                0x08006de0                bn::display_manager::stop()
 .text._ZN3_bn6assert9show_argsIA66_cEEvPKcS4_S4_iRKT_
                0x08006e0c       0x50 bn_display_manager.o
                0x08006e0c                void _bn::assert::show_args<char [66]>(char const*, char const*, char const*, int, char const (&) [66])
 .text.startup._GLOBAL__sub_I__ZNK2bn6window7show_bgERKNS_14regular_bg_ptrE
                0x08006e5c       0x74 bn_display_manager.o
 .text.exit._GLOBAL__sub_D__ZNK2bn6window7show_bgERKNS_14regular_bg_ptrE
                0x08006ed0       0x38 bn_display_manager.o
 .text._ZN2bn18igeneric_pool_baseC2EPci
                0x08006f08       0x10 bn_generic_pool.o
                0x08006f08                bn::igeneric_pool_base::igeneric_pool_base(char*, int)
                0x08006f08                bn::igeneric_pool_base::igeneric_pool_base(char*, int)
 .text._ZN2bn18igeneric_pool_base5_freeEPc
                0x08006f18       0x10 bn_generic_pool.o
                0x08006f18                bn::igeneric_pool_base::_free(char*)
 .text._ZN3_bn6assert9show_argsIA18_cEEvPKcS4_S4_iRKT_
                0x08006f28       0x50 bn_generic_pool.o
                0x08006f28                void _bn::assert::show_args<char [18]>(char const*, char const*, char const*, int, char const (&) [18])
 .text._ZN2bn18igeneric_pool_baseD2Ev
                0x08006f78       0x30 bn_generic_pool.o
                0x08006f78                bn::igeneric_pool_base::~igeneric_pool_base()
                0x08006f78                bn::igeneric_pool_base::~igeneric_pool_base()
 .text._ZN2bn18igeneric_pool_base9_allocateEv
                0x08006fa8       0x48 bn_generic_pool.o
                0x08006fa8                bn::igeneric_pool_base::_allocate()
 .text._ZN2bn12gpio_manager6commitEv
                0x08006ff0       0x48 bn_gpio_manager.o
                0x08006ff0                bn::gpio_manager::commit()
 .text._ZN2bn12gpio_manager4stopEv
                0x08007038       0x3c bn_gpio_manager.o
                0x08007038                bn::gpio_manager::stop()
 .text._ZN2bn22hblank_effects_manager12_GLOBAL__N_19item_type18_output_values_ptrEv
                0x08007074       0x40 bn_hblank_effects_manager.o
 .text._ZN2bn22hblank_effects_manager7disableEv
                0x080070b4       0x24 bn_hblank_effects_manager.o
                0x080070b4                bn::hblank_effects_manager::disable()
 .text._ZN2bn22hblank_effects_manager6commitEv
                0x080070d8       0x74 bn_hblank_effects_manager.o
                0x080070d8                bn::hblank_effects_manager::commit()
 .text._ZN2bn22hblank_effects_manager12_GLOBAL__N_110_is_uint32ENS0_12handler_typeE
                0x0800714c       0x64 bn_hblank_effects_manager.o
 .text._ZN2bn22hblank_effects_manager12_GLOBAL__N_19item_type12check_updateEv
                0x080071b0     0x15f8 bn_hblank_effects_manager.o
 .text._ZN2bn22hblank_effects_manager6updateEv
                0x080087a8      0x1ec bn_hblank_effects_manager.o
                0x080087a8                bn::hblank_effects_manager::update()
 .text._ZN2bn22hblank_effects_manager4initEv
                0x08008994       0xd4 bn_hblank_effects_manager.o
                0x08008994                bn::hblank_effects_manager::init()
 .text.startup._GLOBAL__sub_I__ZN2bn4hbes10used_countEv
                0x08008a68       0xe8 bn_hblank_effects_manager.o
 .text._ZN2bn12hdma_manager7disableEv
                0x08008b50       0x30 bn_hdma_manager.o
                0x08008b50                bn::hdma_manager::disable()
 .text._ZN2bn12hdma_manager10force_stopEv
                0x08008b80       0x3c bn_hdma_manager.o
                0x08008b80                bn::hdma_manager::force_stop()
 .text._ZN2bn12hdma_manager6updateEv
                0x08008bbc       0x6c bn_hdma_manager.o
                0x08008bbc                bn::hdma_manager::update()
 .text._ZN2bn12hdma_manager6commitEb
                0x08008c28      0x118 bn_hdma_manager.o
                0x08008c28                bn::hdma_manager::commit(bool)
 .text.startup._GLOBAL__sub_I__ZN2bn4hdma7runningEv
                0x08008d40       0x34 bn_hdma_manager.o
 .text._ZN2bn6keypad10right_heldEv
                0x08008d74       0x10 bn_keypad_manager.o
                0x08008d74                bn::keypad::right_held()
 .text._ZN2bn6keypad9left_heldEv
                0x08008d84       0x10 bn_keypad_manager.o
                0x08008d84                bn::keypad::left_held()
 .text._ZN2bn6keypad7up_heldEv
                0x08008d94       0x10 bn_keypad_manager.o
                0x08008d94                bn::keypad::up_held()
 .text._ZN2bn6keypad9down_heldEv
                0x08008da4       0x10 bn_keypad_manager.o
                0x08008da4                bn::keypad::down_held()
 .text._ZN2bn14keypad_manager4stopEv
                0x08008db4        0x4 bn_keypad_manager.o
                0x08008db4                bn::keypad_manager::stop()
 .text._ZN2bn14keypad_manager6updateEv
                0x08008db8       0xa8 bn_keypad_manager.o
                0x08008db8                bn::keypad_manager::update()
 .text._ZN2bn14keypad_manager4initERKNS_11string_viewE
                0x08008e60       0x58 bn_keypad_manager.o
                0x08008e60                bn::keypad_manager::init(bn::string_view const&)
 .text._ZN3_bn6assert9show_argsIA16_cEEvPKcS4_S4_iRKT_
                0x08008eb8       0x50 bn_keypad_manager.o
                0x08008eb8                void _bn::assert::show_args<char [16]>(char const*, char const*, char const*, int, char const (&) [16])
 .text._ZN2bn12link_manager4initEv
                0x08008f08        0xc bn_link_manager.o
                0x08008f08                bn::link_manager::init()
 .text._ZN2bn12link_manager6activeEv
                0x08008f14        0xc bn_link_manager.o
                0x08008f14                bn::link_manager::active()
 .text._ZN2bn12link_manager7disableEv
                0x08008f20       0x18 bn_link_manager.o
                0x08008f20                bn::link_manager::disable()
 .text._ZN2bn3logERKNS_12istring_baseE
                0x08008f38        0xc bn_log.o
                0x08008f38                bn::log(bn::istring_base const&)
 .text._ZN2bn14memory_manager4initEv
                0x08008f44       0x20 bn_memory_manager.o
                0x08008f44                bn::memory_manager::init()
 .text._ZN3_bn6assert9show_argsIA35_cjEEvPKcS4_S4_iRKT_RKT0_
                0x08008f64       0x58 bn_memory_manager.o
                0x08008f64                void _bn::assert::show_args<char [35], unsigned int>(char const*, char const*, char const*, int, char const (&) [35], unsigned int const&)
 .text._Znwj    0x08008fbc       0x40 bn_memory_manager.o
                0x08008fbc                operator new(unsigned int)
 .text.exit._GLOBAL__sub_D__Znwj
                0x08008ffc       0x14 bn_memory_manager.o
 .text._ZN2bn2hw8palettes9grayscaleEPKNS_5colorEiiPS2_.part.0
                0x08009010       0x40 bn_palettes_manager.o
 .text._ZN2bn14bg_palette_ptrC2ERKS0_
                0x08009050       0x2c bn_palettes_manager.o
                0x08009050                bn::bg_palette_ptr::bg_palette_ptr(bn::bg_palette_ptr const&)
                0x08009050                bn::bg_palette_ptr::bg_palette_ptr(bn::bg_palette_ptr const&)
 .text._ZNK2bn14bg_palette_ptr3bppEv
                0x0800907c       0x20 bn_palettes_manager.o
                0x0800907c                bn::bg_palette_ptr::bpp() const
 .text._ZNK2bn18sprite_palette_ptr3bppEv
                0x0800909c       0x1c bn_palettes_manager.o
                0x0800909c                bn::sprite_palette_ptr::bpp() const
 .text._ZNK2bn13palettes_bank10log_statusEv
                0x080090b8      0x178 bn_palettes_manager.o
                0x080090b8                bn::palettes_bank::log_status() const
 .text._ZNK2bn13palettes_bank20retrieve_commit_dataEv
                0x08009230       0x4c bn_palettes_manager.o
                0x08009230                bn::palettes_bank::retrieve_commit_data() const
 .text._ZNK2bn13palettes_bank12_same_colorsERKNS_4spanIKNS_5colorEEEi
                0x0800927c       0x50 bn_palettes_manager.o
                0x0800927c                bn::palettes_bank::_same_colors(bn::span<bn::color const> const&, int) const
 .text._ZN2bn13palettes_bank10find_bpp_4ERKNS_4spanIKNS_5colorEEEt
                0x080092cc       0xdc bn_palettes_manager.o
                0x080092cc                bn::palettes_bank::find_bpp_4(bn::span<bn::color const> const&, unsigned short)
 .text._ZNK2bn13palettes_bank21_apply_global_effectsEiPNS_5colorE
                0x080093a8      0x13c bn_palettes_manager.o
                0x080093a8                bn::palettes_bank::_apply_global_effects(int, bn::color*) const
 .text._ZNK2bn13palettes_bank25fill_hblank_effect_colorsEPKNS_5colorEPt
                0x080094e4       0x30 bn_palettes_manager.o
                0x080094e4                bn::palettes_bank::fill_hblank_effect_colors(bn::color const*, unsigned short*) const
 .text._ZNK2bn13palettes_bank7palette13apply_effectsEiPNS_5colorE
                0x08009514       0xbc bn_palettes_manager.o
                0x08009514                bn::palettes_bank::palette::apply_effects(int, bn::color*) const
 .text._ZNK2bn13palettes_bank25fill_hblank_effect_colorsEiPKNS_5colorEPt
                0x080095d0       0x44 bn_palettes_manager.o
                0x080095d0                bn::palettes_bank::fill_hblank_effect_colors(int, bn::color const*, unsigned short*) const
 .text._ZN2bn13palettes_bank15_update_paletteEi
                0x08009614       0x6c bn_palettes_manager.o
                0x08009614                bn::palettes_bank::_update_palette(int)
 .text._ZN2bn13palettes_bank6updateEv
                0x08009680      0x124 bn_palettes_manager.o
                0x08009680                bn::palettes_bank::update()
 .text._ZN2bn13palettes_bankC2Ev
                0x080097a4       0xcc bn_palettes_manager.o
                0x080097a4                bn::palettes_bank::palettes_bank()
                0x080097a4                bn::palettes_bank::palettes_bank()
 .text._ZN2bn16palettes_manager20sprite_palettes_bankEv
                0x08009870        0x8 bn_palettes_manager.o
                0x08009870                bn::palettes_manager::sprite_palettes_bank()
 .text._ZN2bn16palettes_manager16bg_palettes_bankEv
                0x08009878        0x8 bn_palettes_manager.o
                0x08009878                bn::palettes_manager::bg_palettes_bank()
 .text._ZN2bn16palettes_manager6updateEv
                0x08009880       0x20 bn_palettes_manager.o
                0x08009880                bn::palettes_manager::update()
 .text._ZN2bn16palettes_manager6commitEb
                0x080098a0       0xf4 bn_palettes_manager.o
                0x080098a0                bn::palettes_manager::commit(bool)
 .text._ZN2bn16palettes_manager4stopEv
                0x08009994       0x20 bn_palettes_manager.o
                0x08009994                bn::palettes_manager::stop()
 .text._ZN3_bn6assert9show_argsIA35_cEEvPKcS4_S4_iRKT_
                0x080099b4       0x50 bn_palettes_manager.o
                0x080099b4                void _bn::assert::show_args<char [35]>(char const*, char const*, char const*, int, char const (&) [35])
 .text._ZN2bn13palettes_bank11colors_hashERKNS_4spanIKNS_5colorEEE
                0x08009a04       0x50 bn_palettes_manager.o
                0x08009a04                bn::palettes_bank::colors_hash(bn::span<bn::color const> const&)
 .text._ZN3_bn6assert9show_argsIJA43_ciA36_cA42_cEEEvPKcS6_S6_iDpRKT_
                0x08009a54       0x68 bn_palettes_manager.o
                0x08009a54                void _bn::assert::show_args<char [43], int, char [36], char [42]>(char const*, char const*, char const*, int, char const (&) [43], int const&, char const (&) [36], char const (&) [42])
 .text._ZN2bn13palettes_bank12create_bpp_8ERKNS_4spanIKNS_5colorEEENS_16compression_typeEb
                0x08009abc      0x22c bn_palettes_manager.o
                0x08009abc                bn::palettes_bank::create_bpp_8(bn::span<bn::color const> const&, bn::compression_type, bool)
 .text._ZNK2bn15bg_palette_item10decompressENS_4spanINS_5colorEEE
                0x08009ce8      0x16c bn_palettes_manager.o
                0x08009ce8                bn::bg_palette_item::decompress(bn::span<bn::color>) const
 .text._ZNK2bn19sprite_palette_item10decompressENS_4spanINS_5colorEEE
                0x08009e54      0x16c bn_palettes_manager.o
                0x08009e54                bn::sprite_palette_item::decompress(bn::span<bn::color>) const
 .text._ZN2bn13palettes_bank12create_bpp_4ERKNS_4spanIKNS_5colorEEEtb
                0x08009fc0      0x298 bn_palettes_manager.o
                0x08009fc0                bn::palettes_bank::create_bpp_4(bn::span<bn::color const> const&, unsigned short, bool)
 .text._ZN2bn12_GLOBAL__N_112_create_implERKNS_15bg_palette_itemEb
                0x0800a258       0x94 bn_palettes_manager.o
 .text._ZN2bn14bg_palette_ptr6createERKNS_15bg_palette_itemE
                0x0800a2ec       0x54 bn_palettes_manager.o
                0x0800a2ec                bn::bg_palette_ptr::create(bn::bg_palette_item const&)
 .text._ZNK2bn15bg_palette_item14create_paletteEv
                0x0800a340       0x10 bn_palettes_manager.o
                0x0800a340                bn::bg_palette_item::create_palette() const
 .text._ZN2bn12_GLOBAL__N_112_create_implERKNS_19sprite_palette_itemEb
                0x0800a350       0x7c bn_palettes_manager.o
 .text._ZNK2bn19sprite_palette_item14create_paletteEv
                0x0800a3cc       0x48 bn_palettes_manager.o
                0x0800a3cc                bn::sprite_palette_item::create_palette() const
 .text._ZN2bn14iunordered_mapItsNS_13palettes_bank15identity_hasherENS_8equal_toItEEE5eraseERKNS5_14const_iteratorE.isra.0
                0x0800a414      0x170 bn_palettes_manager.o
 .text._ZN2bn13palettes_bank15decrease_usagesEi.part.0
                0x0800a584       0xdc bn_palettes_manager.o
 .text._ZN2bn14bg_palette_ptrD2Ev
                0x0800a660       0x3c bn_palettes_manager.o
                0x0800a660                bn::bg_palette_ptr::~bg_palette_ptr()
                0x0800a660                bn::bg_palette_ptr::~bg_palette_ptr()
 .text._ZN2bn18sprite_palette_ptrD2Ev
                0x0800a69c       0x30 bn_palettes_manager.o
                0x0800a69c                bn::sprite_palette_ptr::~sprite_palette_ptr()
                0x0800a69c                bn::sprite_palette_ptr::~sprite_palette_ptr()
 .text._ZN2bn14bg_palette_ptraSERKS0_
                0x0800a6cc       0x5c bn_palettes_manager.o
                0x0800a6cc                bn::bg_palette_ptr::operator=(bn::bg_palette_ptr const&)
 .text.startup._GLOBAL__sub_I__ZN2bn11bg_palettes17used_colors_countEv
                0x0800a728       0x20 bn_palettes_manager.o
 .text._ZNK2bn21sprite_affine_mat_ptr15horizontal_flipEv
                0x0800a748       0x18 bn_sprite_affine_mats_manager.o
                0x0800a748                bn::sprite_affine_mat_ptr::horizontal_flip() const
 .text._ZNK2bn21sprite_affine_mat_ptr13vertical_flipEv
                0x0800a760       0x18 bn_sprite_affine_mats_manager.o
                0x0800a760                bn::sprite_affine_mat_ptr::vertical_flip() const
 .text._ZN2bn26sprite_affine_mats_manager20retrieve_commit_dataEv
                0x0800a778       0x38 bn_sprite_affine_mats_manager.o
                0x0800a778                bn::sprite_affine_mats_manager::retrieve_commit_data()
 .text._ZN3_bn6assert9show_argsIA37_cEEvPKcS4_S4_iRKT_
                0x0800a7b0       0x50 bn_sprite_affine_mats_manager.o
                0x0800a7b0                void _bn::assert::show_args<char [37]>(char const*, char const*, char const*, int, char const (&) [37])
 .text._ZN2bn26sprite_affine_mats_manager15decrease_usagesEi.part.0
                0x0800a800       0x68 bn_sprite_affine_mats_manager.o
 .text._ZN2bn21sprite_affine_mat_ptrD2Ev
                0x0800a868       0x34 bn_sprite_affine_mats_manager.o
                0x0800a868                bn::sprite_affine_mat_ptr::~sprite_affine_mat_ptr()
                0x0800a868                bn::sprite_affine_mat_ptr::~sprite_affine_mat_ptr()
 .text._ZN2bn26sprite_affine_mats_manager6updateEv
                0x0800a89c       0xa0 bn_sprite_affine_mats_manager.o
                0x0800a89c                bn::sprite_affine_mats_manager::update()
 .text._ZN2bn26sprite_affine_mats_manager4initEPv
                0x0800a93c       0x6c bn_sprite_affine_mats_manager.o
                0x0800a93c                bn::sprite_affine_mats_manager::init(void*)
 .text._ZN2bn26sprite_affine_mats_manager14dettach_spriteEiRNS_24intrusive_list_node_typeE
                0x0800a9a8       0x50 bn_sprite_affine_mats_manager.o
                0x0800a9a8                bn::sprite_affine_mats_manager::dettach_sprite(int, bn::intrusive_list_node_type&)
 .text.startup._GLOBAL__sub_I__ZN2bn18sprite_affine_mats10used_countEv
                0x0800a9f8       0x98 bn_sprite_affine_mats_manager.o
 .text.exit._GLOBAL__sub_D__ZN2bn18sprite_affine_mats10used_countEv
                0x0800aa90       0x3c bn_sprite_affine_mats_manager.o
 .text._ZN2bn15sprites_manager12_GLOBAL__N_132_always_update_indexes_to_commitERKNS_20sprites_manager_itemE
                0x0800aacc       0x48 bn_sprites_manager.o
 .text._ZN2bn13ostringstream11append_argsIiJA4_ciEEEvRKT_DpRKT0_.isra.0
                0x0800ab14       0x24 bn_sprites_manager.o
 .text._ZN2bn15sprites_manager12_GLOBAL__N_123_update_item_dimensionsERNS_20sprites_manager_itemE
                0x0800ab38       0xcc bn_sprites_manager.o
 .text._ZNK2bn10sprite_ptr1xEv
                0x0800ac04        0x8 bn_sprites_manager.o
                0x0800ac04                bn::sprite_ptr::x() const
 .text._ZNK2bn10sprite_ptr1yEv
                0x0800ac0c        0x8 bn_sprites_manager.o
                0x0800ac0c                bn::sprite_ptr::y() const
 .text._ZN2bn10sprite_ptr12set_positionENS_7fixed_tILi12EEES2_
                0x0800ac14       0x6c bn_sprites_manager.o
                0x0800ac14                bn::sprite_ptr::set_position(bn::fixed_t<12>, bn::fixed_t<12>)
 .text._ZN2bn15sprites_manager4initEv
                0x0800ac80       0x34 bn_sprites_manager.o
                0x0800ac80                bn::sprites_manager::init()
 .text._ZN2bn15sprites_manager5hw_idEPv
                0x0800acb4        0x8 bn_sprites_manager.o
                0x0800acb4                bn::sprites_manager::hw_id(void*)
 .text._ZN2bn15sprites_manager5shapeEPv
                0x0800acbc        0x8 bn_sprites_manager.o
                0x0800acbc                bn::sprites_manager::shape(void*)
 .text._ZN2bn15sprites_manager4sizeEPv
                0x0800acc4        0x8 bn_sprites_manager.o
                0x0800acc4                bn::sprites_manager::size(void*)
 .text._ZN2bn15sprites_manager10shape_sizeEPv
                0x0800accc       0x14 bn_sprites_manager.o
                0x0800accc                bn::sprites_manager::shape_size(void*)
 .text._ZN2bn15sprites_manager11hw_positionEPv
                0x0800ace0        0x4 bn_sprites_manager.o
                0x0800ace0                bn::sprites_manager::hw_position(void*)
 .text._ZN2bn15sprites_manager9view_modeEPv
                0x0800ace4        0xc bn_sprites_manager.o
                0x0800ace4                bn::sprites_manager::view_mode(void*)
 .text._ZN2bn15sprites_manager10affine_matEPv
                0x0800acf0        0x4 bn_sprites_manager.o
                0x0800acf0                bn::sprites_manager::affine_mat(void*)
 .text._ZN2bn15sprites_manager39fill_hblank_effect_horizontal_positionsEPviPKNS_7fixed_tILi12EEEPt
                0x0800acf4       0x44 bn_sprites_manager.o
                0x0800acf4                bn::sprites_manager::fill_hblank_effect_horizontal_positions(void*, int, bn::fixed_t<12> const*, unsigned short*)
 .text._ZN2bn15sprites_manager37fill_hblank_effect_vertical_positionsEPviPKNS_7fixed_tILi12EEEPt
                0x0800ad38       0x44 bn_sprites_manager.o
                0x0800ad38                bn::sprites_manager::fill_hblank_effect_vertical_positions(void*, int, bn::fixed_t<12> const*, unsigned short*)
 .text._ZN2bn15sprites_manager35fill_hblank_effect_first_attributesEiNS_12sprite_shapeENS_8bpp_modeEiPKNS_23sprite_first_attributesEPt
                0x0800ad7c      0x108 bn_sprites_manager.o
                0x0800ad7c                bn::sprites_manager::fill_hblank_effect_first_attributes(int, bn::sprite_shape, bn::bpp_mode, int, bn::sprite_first_attributes const*, unsigned short*)
 .text._ZN2bn15sprites_manager44fill_hblank_effect_regular_second_attributesEPviNS_11sprite_sizeEPKNS_32sprite_regular_second_attributesEPt
                0x0800ae84       0x60 bn_sprites_manager.o
                0x0800ae84                bn::sprites_manager::fill_hblank_effect_regular_second_attributes(void*, int, bn::sprite_size, bn::sprite_regular_second_attributes const*, unsigned short*)
 .text._ZN2bn15sprites_manager43fill_hblank_effect_affine_second_attributesEPviNS_11sprite_sizeEPKNS_31sprite_affine_second_attributesEPt
                0x0800aee4       0x58 bn_sprites_manager.o
                0x0800aee4                bn::sprites_manager::fill_hblank_effect_affine_second_attributes(void*, int, bn::sprite_size, bn::sprite_affine_second_attributes const*, unsigned short*)
 .text._ZN2bn15sprites_manager14update_camerasEv
                0x0800af3c       0x20 bn_sprites_manager.o
                0x0800af3c                bn::sprites_manager::update_cameras()
 .text._ZN2bn15sprites_manager6commitEb
                0x0800af5c       0xa4 bn_sprites_manager.o
                0x0800af5c                bn::sprites_manager::commit(bool)
 .text._ZN3_bn6assert9show_argsIA54_cEEvPKcS4_S4_iRKT_
                0x0800b000       0x50 bn_sprites_manager.o
                0x0800b000                void _bn::assert::show_args<char [54]>(char const*, char const*, char const*, int, char const (&) [54])
 .text._ZNK2bn17sprite_shape_size11tiles_countENS_8bpp_modeE.isra.0
                0x0800b050      0x150 bn_sprites_manager.o
 .text._ZN2bn15sprites_manager12_GLOBAL__N_118_remove_affine_matERNS_20sprites_manager_itemE
                0x0800b1a0       0xe8 bn_sprites_manager.o
 .text._ZN2bn15sprites_manager40remove_identity_affine_mat_if_not_neededEPv
                0x0800b288       0x18 bn_sprites_manager.o
                0x0800b288                bn::sprites_manager::remove_identity_affine_mat_if_not_needed(void*)
 .text._ZN2bn15sprites_manager7paletteEPv
                0x0800b2a0       0x34 bn_sprites_manager.o
                0x0800b2a0                bn::sprites_manager::palette(void*)
 .text._ZN2bn15sprites_manager6updateEv
                0x0800b2d4      0x160 bn_sprites_manager.o
                0x0800b2d4                bn::sprites_manager::update()
 .text._ZN3_bn6assert9show_argsIJA27_ciA4_ciEEEvPKcS5_S5_iDpRKT_
                0x0800b434       0x5c bn_sprites_manager.o
                0x0800b434                void _bn::assert::show_args<char [27], int, char [4], int>(char const*, char const*, char const*, int, char const (&) [27], int const&, char const (&) [4], int const&)
 .text._ZN2bn15sprites_manager35fill_hblank_effect_third_attributesENS_17sprite_shape_sizeEPKNS_23sprite_third_attributesEPt
                0x0800b490       0xc8 bn_sprites_manager.o
                0x0800b490                bn::sprites_manager::fill_hblank_effect_third_attributes(bn::sprite_shape_size, bn::sprite_third_attributes const*, unsigned short*)
 .text._ZN2bn14sorted_sprites6sorter6insertERNS_20sprites_manager_itemE
                0x0800b558      0x170 bn_sprites_manager.o
                0x0800b558                bn::sorted_sprites::sorter::insert(bn::sprites_manager_item&)
 .text._ZN2bn15sprites_manager6createERKNS_11fixed_pointERKNS_17sprite_shape_sizeEONS_16sprite_tiles_ptrEONS_18sprite_palette_ptrE
                0x0800b6c8      0x1dc bn_sprites_manager.o
                0x0800b6c8                bn::sprites_manager::create(bn::fixed_point const&, bn::sprite_shape_size const&, bn::sprite_tiles_ptr&&, bn::sprite_palette_ptr&&)
 .text._ZNK2bn11sprite_item13create_spriteENS_7fixed_tILi12EEES2_
                0x0800b8a4       0x44 bn_sprites_manager.o
                0x0800b8a4                bn::sprite_item::create_sprite(bn::fixed_t<12>, bn::fixed_t<12>) const
 .text.startup._GLOBAL__sub_I__ZN2bn7sprites16used_items_countEv
                0x0800b8e8       0x9c bn_sprites_manager.o
 .text.exit._GLOBAL__sub_D__ZN2bn7sprites16used_items_countEv
                0x0800b984       0x4c bn_sprites_manager.o
 .text._ZNK2bn16sprite_tiles_ptr2idEv
                0x0800b9d0       0x18 bn_sprite_tiles_manager.o
                0x0800b9d0                bn::sprite_tiles_ptr::id() const
 .text._ZNK2bn16sprite_tiles_ptr11tiles_countEv
                0x0800b9e8       0x18 bn_sprite_tiles_manager.o
                0x0800b9e8                bn::sprite_tiles_ptr::tiles_count() const
 .text._ZN2bn20sprite_tiles_manager10log_statusEv
                0x0800ba00      0x1ec bn_sprite_tiles_manager.o
                0x0800ba00                bn::sprite_tiles_manager::log_status()
 .text._ZN2bn20sprite_tiles_manager19commit_uncompressedEb
                0x0800bbec       0xdc bn_sprite_tiles_manager.o
                0x0800bbec                bn::sprite_tiles_manager::commit_uncompressed(bool)
 .text._ZN2bn20sprite_tiles_manager17commit_compressedEv
                0x0800bcc8       0x68 bn_sprite_tiles_manager.o
                0x0800bcc8                bn::sprite_tiles_manager::commit_compressed()
 .text._ZN3_bn6assert9show_argsIJA44_cPKN2bn4tileEA4_cS6_EEEvPKcS9_S9_iDpRKT_
                0x0800bd30       0x6c bn_sprite_tiles_manager.o
                0x0800bd30                void _bn::assert::show_args<char [44], bn::tile const*, char [4], bn::tile const*>(char const*, char const*, char const*, int, char const (&) [44], bn::tile const* const&, char const (&) [4], bn::tile const* const&)
 .text._ZN3_bn6assert9show_argsIJA46_ciA4_cjEEEvPKcS5_S5_iDpRKT_
                0x0800bd9c       0x6c bn_sprite_tiles_manager.o
                0x0800bd9c                void _bn::assert::show_args<char [46], int, char [4], unsigned int>(char const*, char const*, char const*, int, char const (&) [46], int const&, char const (&) [4], unsigned int const&)
 .text._ZN3_bn6assert9show_argsIJA28_cA15_cPKN2bn4tileEA16_ciA34_cNS4_11string_viewEEEEvPKcSC_SC_iDpRKT_
                0x0800be08       0x84 bn_sprite_tiles_manager.o
                0x0800be08                void _bn::assert::show_args<char [28], char [15], bn::tile const*, char [16], int, char [34], bn::string_view>(char const*, char const*, char const*, int, char const (&) [28], char const (&) [15], bn::tile const* const&, char const (&) [16], int const&, char const (&) [34], bn::string_view const&)
 .text._ZN2bn20sprite_tiles_manager4initEv
                0x0800be8c       0xf4 bn_sprite_tiles_manager.o
                0x0800be8c                bn::sprite_tiles_manager::init()
 .text._ZN2bn20sprite_tiles_manager12_GLOBAL__N_122_insert_to_commit_itemEiRNS1_9item_typeE.part.0
                0x0800bf80       0x6c bn_sprite_tiles_manager.o
 .text._ZN2bn20sprite_tiles_manager12_GLOBAL__N_117_insert_free_itemEiPt
                0x0800bfec       0xcc bn_sprite_tiles_manager.o
 .text._ZN2bn20sprite_tiles_manager12_GLOBAL__N_116_erase_free_itemEi
                0x0800c0b8       0xe4 bn_sprite_tiles_manager.o
 .text._ZN2bn20sprite_tiles_manager12_GLOBAL__N_121_erase_to_commit_itemEiRNS1_9item_typeE
                0x0800c19c      0x100 bn_sprite_tiles_manager.o
 .text._ZN2bn20sprite_tiles_manager15decrease_usagesEi
                0x0800c29c      0x134 bn_sprite_tiles_manager.o
                0x0800c29c                bn::sprite_tiles_manager::decrease_usages(int)
 .text._ZN2bn16sprite_tiles_ptrD2Ev
                0x0800c3d0       0x18 bn_sprite_tiles_manager.o
                0x0800c3d0                bn::sprite_tiles_ptr::~sprite_tiles_ptr()
                0x0800c3d0                bn::sprite_tiles_ptr::~sprite_tiles_ptr()
 .text._ZN2bn20sprite_tiles_manager12_GLOBAL__N_110_find_implEPKNS_4tileENS_16compression_typeEi
                0x0800c3e8      0x28c bn_sprite_tiles_manager.o
 .text._ZN2bn14iunordered_mapIPKNS_4tileEiNS_4hashIS3_EENS_8equal_toIS3_EEE5eraseERKNS8_14const_iteratorE.isra.0
                0x0800c674      0x178 bn_sprite_tiles_manager.o
 .text._ZN2bn20sprite_tiles_manager12_GLOBAL__N_112_create_itemEiPKNS_4tileENS_16compression_typeEib
                0x0800c7ec      0x26c bn_sprite_tiles_manager.o
 .text._ZN2bn20sprite_tiles_manager6updateEv
                0x0800ca58      0x238 bn_sprite_tiles_manager.o
                0x0800ca58                bn::sprite_tiles_manager::update()
 .text._ZN2bn20sprite_tiles_manager12_GLOBAL__N_112_create_implEPKNS_4tileENS_16compression_typeEi
                0x0800cc90      0x200 bn_sprite_tiles_manager.o
 .text._ZN2bn20sprite_tiles_manager6createERKNS_4spanIKNS_4tileEEENS_16compression_typeE
                0x0800ce90      0x13c bn_sprite_tiles_manager.o
                0x0800ce90                bn::sprite_tiles_manager::create(bn::span<bn::tile const> const&, bn::compression_type)
 .text._ZNK2bn17sprite_tiles_item12create_tilesEv
                0x0800cfcc       0x84 bn_sprite_tiles_manager.o
                0x0800cfcc                bn::sprite_tiles_item::create_tiles() const
 .text.startup._GLOBAL__sub_I__ZN2bn12sprite_tiles16used_tiles_countEv
                0x0800d050      0x11c bn_sprite_tiles_manager.o
 .text._ZN2bn13ostringstreamC2ERNS_12istring_baseE
                0x0800d16c        0x8 bn_sstream.o
                0x0800d16c                bn::ostringstream::ostringstream(bn::istring_base&)
                0x0800d16c                bn::ostringstream::ostringstream(bn::istring_base&)
 .text._ZN2bn13ostringstream6appendEPKc
                0x0800d174       0x94 bn_sstream.o
                0x0800d174                bn::ostringstream::append(char const*)
 .text._ZN2bn13ostringstream6appendEi
                0x0800d208       0xa8 bn_sstream.o
                0x0800d208                bn::ostringstream::append(int)
 .text._ZN2bn13ostringstream6appendERKNS_11string_viewE
                0x0800d2b0       0x9c bn_sstream.o
                0x0800d2b0                bn::ostringstream::append(bn::string_view const&)
 .text._ZN2bn13ostringstream6appendEj
                0x0800d34c       0xa8 bn_sstream.o
                0x0800d34c                bn::ostringstream::append(unsigned int)
 .text._ZN2bn13ostringstream6appendEPKv
                0x0800d3f4       0xfc bn_sstream.o
                0x0800d3f4                bn::ostringstream::append(void const*)
 .text._ZN2bn13ostringstream6appendEc
                0x0800d4f0       0x44 bn_sstream.o
                0x0800d4f0                bn::ostringstream::append(char)
 .text._ZN2bn5timerC2Ev
                0x0800d534       0x24 bn_timer.o
                0x0800d534                bn::timer::timer()
                0x0800d534                bn::timer::timer()
 .text._ZNK2bn5timer13elapsed_ticksEv
                0x0800d558       0x3c bn_timer.o
                0x0800d558                bn::timer::elapsed_ticks() const
 .text._ZN2bn5timer7restartEv
                0x0800d594       0x24 bn_timer.o
                0x0800d594                bn::timer::restart()
 .text._ZN2bn2hw5audio12_GLOBAL__N_124_disabled_vblank_handlerEv
                0x0800d5b8       0x10 bn_hw_audio.o
 .text._ZN2bn2hw5audio12_GLOBAL__N_17_commitEv
                0x0800d5c8       0x7c bn_hw_audio.o
 .text._ZN2bn2hw5audio12_GLOBAL__N_123_enabled_vblank_handlerEv
                0x0800d644       0x24 bn_hw_audio.o
 .text._ZN2bn2hw5audio4initEv
                0x0800d668       0x68 bn_hw_audio.o
                0x0800d668                bn::hw::audio::init()
 .text._ZN2bn2hw5audio7disableEv
                0x0800d6d0       0x30 bn_hw_audio.o
                0x0800d6d0                bn::hw::audio::disable()
 .text._ZN2bn2hw5audio22disable_vblank_handlerEv
                0x0800d700       0x14 bn_hw_audio.o
                0x0800d700                bn::hw::audio::disable_vblank_handler()
 .text._ZN2bn2hw5audio6updateEb
                0x0800d714       0x18 bn_hw_audio.o
                0x0800d714                bn::hw::audio::update(bool)
 .text._ZN2bn2hw5audio6commitEv
                0x0800d72c       0x20 bn_hw_audio.o
                0x0800d72c                bn::hw::audio::commit()
 .text._ZN2bn2hw5audio12_GLOBAL__N_119_add_sound_to_queueEit
                0x0800d74c       0xa0 bn_hw_audio.o
 .text._ZN2bn2hw5audio19update_sounds_queueEv
                0x0800d7ec       0x90 bn_hw_audio.o
                0x0800d7ec                bn::hw::audio::update_sounds_queue()
 .text._ZN2bn2hw5audio15stop_all_soundsEv
                0x0800d87c       0x6c bn_hw_audio.o
                0x0800d87c                bn::hw::audio::stop_all_sounds()
 .text._ZN2bn2hw5audio12_GLOBAL__N_119_check_sounds_queueEv.part.0
                0x0800d8e8       0x98 bn_hw_audio.o
 .text._ZN2bn2hw5audio10play_soundEiiiii
                0x0800d980       0x44 bn_hw_audio.o
                0x0800d980                bn::hw::audio::play_sound(int, int, int, int, int)
 .text._ZN2bn2hw5audio10play_soundEii
                0x0800d9c4       0x30 bn_hw_audio.o
                0x0800d9c4                bn::hw::audio::play_sound(int, int)
 .text.startup._GLOBAL__sub_I__ZN2bn2hw5audio4initEv
                0x0800d9f4       0x30 bn_hw_audio.o
 .text.exit._GLOBAL__sub_D__ZN2bn2hw5audio4initEv
                0x0800da24       0x18 bn_hw_audio.o
 .text.__libc_init_array
                0x0800da3c       0x50 bn_hw_common.bn_noflto.o
                0x0800da3c                __libc_init_array
 .text._ZN3_bn6assert9show_argsIA40_cEEvPKcS4_S4_iRKT_
                0x0800da8c       0x50 bn_hw_common.bn_noflto.o
                0x0800da8c                void _bn::assert::show_args<char [40]>(char const*, char const*, char const*, int, char const (&) [40])
 .text.__aeabi_idiv0
                0x0800dadc       0x24 bn_hw_common.bn_noflto.o
                0x0800dadc                __aeabi_idiv0
 .text._ZN2bn2hw8game_pak14_slow_game_pakEv
                0x0800db00       0x88 bn_hw_game_pak.bn_ewram.o
                0x0800db00                bn::hw::game_pak::_slow_game_pak()
 .text._ZN2bn2hw8game_pak4initEv
                0x0800db88       0x28 bn_hw_game_pak.o
                0x0800db88                bn::hw::game_pak::init()
 .text._ZN2bn2hw3irq4initEv
                0x0800dbb0        0xc bn_hw_irq.o
                0x0800dbb0                bn::hw::irq::init()
 .text._ZN2bn2hw3irq7set_isrENS1_2idEPFvvE
                0x0800dbbc       0x10 bn_hw_irq.o
                0x0800dbbc                bn::hw::irq::set_isr(bn::hw::irq::id, void (*)())
 .text._ZN2bn2hw3irq6enableENS1_2idE
                0x0800dbcc       0x10 bn_hw_irq.o
                0x0800dbcc                bn::hw::irq::enable(bn::hw::irq::id)
 .text._ZN2bn2hw3irq7disableENS1_2idE
                0x0800dbdc       0x10 bn_hw_irq.o
                0x0800dbdc                bn::hw::irq::disable(bn::hw::irq::id)
 .text._ZN2bn2hw4link12_GLOBAL__N_119_resetStateCallbackEv
                0x0800dbec       0x4c bn_hw_link.o
 .text._ZN2bn2hw4link4initEv
                0x0800dc38       0xc0 bn_hw_link.o
                0x0800dc38                bn::hw::link::init()
 .text._ZN2bn2hw4link6activeEv
                0x0800dcf8       0x10 bn_hw_link.o
                0x0800dcf8                bn::hw::link::active()
 .text._ZN2bn2hw4link7disableEv
                0x0800dd08       0x6c bn_hw_link.o
                0x0800dd08                bn::hw::link::disable()
 .text._ZN2bn2hw4link6commitEv
                0x0800dd74       0x30 bn_hw_link.o
                0x0800dd74                bn::hw::link::commit()
 .text._ZN2bn2hw4link11_timer_intrEv
                0x0800dda4       0xf8 bn_hw_link.o
                0x0800dda4                bn::hw::link::_timer_intr()
 .text._ZN2bn2hw4link12_serial_intrEv
                0x0800de9c      0x1bc bn_hw_link.o
                0x0800de9c                bn::hw::link::_serial_intr()
 .text._ZN2bn2hw4link12_GLOBAL__N_117_sendDataCallbackEv
                0x0800e058       0xe4 bn_hw_link.o
 .text._ZN2bn2hw4link12_GLOBAL__N_124_receiveResponseCallbackERK12LinkResponse
                0x0800e13c      0x15c bn_hw_link.o
 .text.startup._GLOBAL__sub_I__ZN2bn2hw4link4initEv
                0x0800e298       0x68 bn_hw_link.o
 .text._ZN2bn2hw3logERKNS_12istring_baseE
                0x0800e300       0x58 bn_hw_log.o
                0x0800e300                bn::hw::log(bn::istring_base const&)
 .text._ZN2bn2hw6memory4initEv
                0x0800e358        0x4 bn_hw_memory.o
                0x0800e358                bn::hw::memory::init()
 .text._ZN2bn2hw6memory16ewram_heap_startEv
                0x0800e35c        0x8 bn_hw_memory.o
                0x0800e35c                bn::hw::memory::ewram_heap_start()
 .text._ZN2bn2hw6memory14ewram_heap_endEv
                0x0800e364        0x8 bn_hw_memory.o
                0x0800e364                bn::hw::memory::ewram_heap_end()
 .text._ZN2bn2hw8palettes8contrastEPKNS_5colorEiiPS2_
                0x0800e36c       0x18 bn_hw_palettes.o
                0x0800e36c                bn::hw::palettes::contrast(bn::color const*, int, int, bn::color*)
 .text._ZN2bn2hw8palettes9intensityEPKNS_5colorEiiPS2_
                0x0800e384       0x18 bn_hw_palettes.o
                0x0800e384                bn::hw::palettes::intensity(bn::color const*, int, int, bn::color*)
 .text._ZN2bn2hw8palettes9hue_shiftEPKNS_5colorEiiPS2_
                0x0800e39c      0x154 bn_hw_palettes.o
                0x0800e39c                bn::hw::palettes::hue_shift(bn::color const*, int, int, bn::color*)
 .text._ZN2bn2hw8palettes6rotateEPKNS_5colorEiiPS2_
                0x0800e4f0       0x2c bn_hw_palettes.o
                0x0800e4f0                bn::hw::palettes::rotate(bn::color const*, int, int, bn::color*)
 .text._ZN2bn2hw4show5errorERKNS_11system_fontERKNS_11string_viewES7_S7_iS7_S7_
                0x0800e51c      0x3bc bn_hw_show.o
                0x0800e51c                bn::hw::show::error(bn::system_font const&, bn::string_view const&, bn::string_view const&, bn::string_view const&, int, bn::string_view const&, bn::string_view const&)
 .text._ZN2bn2hw12sprite_tiles6commitEPKNS_4tileENS_16compression_typeEii
                0x0800e8d8       0x98 bn_hw_sprite_tiles.o
                0x0800e8d8                bn::hw::sprite_tiles::commit(bn::tile const*, bn::compression_type, int, int)
 .text._ZN2bn2hw4sram4initEv
                0x0800e970       0x18 bn_hw_sram.o
                0x0800e970                bn::hw::sram::init()
 .text._ZN2bn11system_fontC2Ev
                0x0800e988       0x18 bn_hw_system_font.o
                0x0800e988                bn::system_font::system_font()
                0x0800e988                bn::system_font::system_font()
 .text._ZNK2bn11system_font8tte_fontEv
                0x0800e9a0        0x4 bn_hw_system_font.o
                0x0800e9a0                bn::system_font::tte_font() const
 .text._ZN2bn2hw4text5parseEiRNS_5arrayIcLi32EEE
                0x0800e9a4       0xbc bn_hw_text.o
                0x0800e9a4                bn::hw::text::parse(int, bn::array<char, 32>&)
 .text._ZN2bn2hw4text5parseEjRNS_5arrayIcLi32EEE
                0x0800ea60       0xa0 bn_hw_text.o
                0x0800ea60                bn::hw::text::parse(unsigned int, bn::array<char, 32>&)
 .text._ZN2bn2hw4text5parseEPKvRNS_5arrayIcLi32EEE
                0x0800eb00       0x30 bn_hw_text.o
                0x0800eb00                bn::hw::text::parse(void const*, bn::array<char, 32>&)
 .text.clr_grayscale
                0x0800eb30       0x7c tonc_color.o
                0x0800eb30                clr_grayscale
 .text.sbmp16_rect
                0x0800ebac       0x68 tonc_sbmp16.o
                0x0800ebac                sbmp16_rect
 .text.bmp16_drawg_b1cts
                0x0800ec14       0xb0 bmp16_drawg_b1cs.o
                0x0800ec14                bmp16_drawg_b1cts
 .text.bmp16_erase
                0x0800ecc4       0x24 tte_init_bmp.o
                0x0800ecc4                bmp16_erase
 .text.tte_init_bmp
                0x0800ece8       0x60 tte_init_bmp.o
                0x0800ece8                tte_init_bmp
 .text.dummy_drawg
                0x0800ed48        0x4 tte_main.o
                0x0800ed48                dummy_drawg
 .text.dummy_erase
                0x0800ed4c        0x4 tte_main.o
                0x0800ed4c                dummy_erase
 .text.tte_init_base
                0x0800ed50       0x68 tte_main.o
                0x0800ed50                tte_init_base
 .text.utf8_decode_char
                0x0800edb8       0xb4 tte_main.o
                0x0800edb8                utf8_decode_char
 .text.tte_write
                0x0800ee6c       0xe8 tte_main.o
                0x0800ee6c                tte_write
 .text.tte_get_text_size
                0x0800ef54       0xa4 tte_main.o
                0x0800ef54                tte_get_text_size
 .text.tte_set_margins
                0x0800eff8       0x18 tte_main.o
                0x0800eff8                tte_set_margins
 .text.IRQ_Init
                0x0800f010       0x48 interrupts_gba.o
                0x0800f010                IRQ_Init
 .text.IRQ_SetHandler
                0x0800f058       0x10 interrupts_gba.o
                0x0800f058                IRQ_SetHandler
 .text.IRQ_Enable
                0x0800f068       0x64 interrupts_gba.o
                0x0800f068                IRQ_Enable
 .text.IRQ_Disable
                0x0800f0cc       0x60 interrupts_gba.o
                0x0800f0cc                IRQ_Disable
 .text.channel3_refresh_registers
                0x0800f12c       0xd0 gbt_player.o
 .text.gbt_refresh_pattern_ptr
                0x0800f1fc       0x84 gbt_player.o
 .text.gbt_ch1234_nop
                0x0800f280        0x4 gbt_player.o
 .text.gbt_ch1234_speed
                0x0800f284       0x10 gbt_player.o
 .text.gbt_ch1234_jump_pattern
                0x0800f294       0x14 gbt_player.o
 .text.gbt_ch1234_jump_position
                0x0800f2a8       0x1c gbt_player.o
 .text.gbt_ch1234_event
                0x0800f2c4       0x24 gbt_player.o
 .text.gbt_ch1_pan
                0x0800f2e8       0x10 gbt_player.o
 .text.gbt_ch1_cut_note
                0x0800f2f8       0x10 gbt_player.o
 .text.gbt_ch1_arpeggio
                0x0800f308       0x34 gbt_player.o
 .text.gbt_ch1_vibrato
                0x0800f33c       0x20 gbt_player.o
 .text.gbt_ch1_volslide
                0x0800f35c       0x10 gbt_player.o
 .text.gbt_ch2_pan
                0x0800f36c       0x10 gbt_player.o
 .text.gbt_ch2_cut_note
                0x0800f37c       0x10 gbt_player.o
 .text.gbt_ch2_arpeggio
                0x0800f38c       0x34 gbt_player.o
 .text.gbt_ch2_vibrato
                0x0800f3c0       0x20 gbt_player.o
 .text.gbt_ch2_volslide
                0x0800f3e0       0x10 gbt_player.o
 .text.gbt_ch3_pan
                0x0800f3f0       0x10 gbt_player.o
 .text.gbt_ch3_cut_note
                0x0800f400       0x10 gbt_player.o
 .text.gbt_ch3_arpeggio
                0x0800f410       0x34 gbt_player.o
 .text.gbt_ch3_vibrato
                0x0800f444       0x20 gbt_player.o
 .text.gbt_ch4_pan
                0x0800f464       0x14 gbt_player.o
 .text.gbt_ch4_cut_note
                0x0800f478       0x10 gbt_player.o
 .text.gbt_ch4_volslide
                0x0800f488       0x10 gbt_player.o
 .text.gbt_update_refresh_panning
                0x0800f498       0x50 gbt_player.o
 .text.gbt_run_startup_commands.part.0
                0x0800f4e8       0xd0 gbt_player.o
 .text.gbt_update_effects_internal
                0x0800f5b8      0x2cc gbt_player.o
 .text.gbt_play
                0x0800f884      0x1dc gbt_player.o
                0x0800f884                gbt_play
 .text.gbt_volume
                0x0800fa60       0x68 gbt_player.o
                0x0800fa60                gbt_volume
 .text.gbt_is_playing
                0x0800fac8        0xc gbt_player.o
                0x0800fac8                gbt_is_playing
 .text.gbt_pause
                0x0800fad4       0x48 gbt_player.o
                0x0800fad4                gbt_pause
 .text.gbt_loop
                0x0800fb1c        0xc gbt_player.o
                0x0800fb1c                gbt_loop
 .text.gbt_stop
                0x0800fb28       0x24 gbt_player.o
                0x0800fb28                gbt_stop
 .text.gbt_update
                0x0800fb4c      0x678 gbt_player.o
                0x0800fb4c                gbt_update
 .text.gbt_get_position
                0x080101c4       0x4c gbt_player.o
                0x080101c4                gbt_get_position
 .text.gbt_set_position
                0x08010210       0xe0 gbt_player.o
                0x08010210                gbt_set_position
 .text          0x080102f0       0x8c tonc_bios.o
                0x080102f0                SoftReset
                0x080102f4                RegisterRamReset
                0x080102f8                Halt
                0x080102fc                Stop
                0x08010300                IntrWait
                0x08010304                VBlankIntrWait
                0x08010308                Div
                0x0801030c                DivArm
                0x08010310                Sqrt
                0x08010314                ArcTan
                0x08010318                ArcTan2
                0x0801031c                CpuSet
                0x08010320                CpuFastSet
                0x08010324                BiosCheckSum
                0x08010328                BgAffineSet
                0x0801032c                ObjAffineSet
                0x08010330                BitUnPack
                0x08010334                LZ77UnCompWram
                0x08010338                LZ77UnCompVram
                0x0801033c                HuffUnComp
                0x08010340                RLUnCompWram
                0x08010344                RLUnCompVram
                0x08010348                Diff8bitUnFilterWram
                0x0801034c                Diff8bitUnFilterVram
                0x08010350                Diff16bitUnFilter
                0x08010354                SoundBias
                0x08010358                SoundDriverInit
                0x0801035c                SoundDriverMode
                0x08010360                SoundDriverMain
                0x08010364                SoundDriverVSync
                0x08010368                SoundChannelClear
                0x0801036c                MidiKey2Freq
                0x08010370                MultiBoot
                0x08010374                SoundDriverVSyncOff
                0x08010378                SoundDriverVSyncOn
 .text          0x0801037c       0x3c tonc_memset.o
                0x0801037c                memset16
 .text          0x080103b8      0x26c posprintf.o
                0x080103bc                posprintf
 .text          0x08010624     0x1570 /opt/devkitpro/libgba/lib/libmm.a(mm_mas.o)
                0x08010698                mmStart
                0x080106b8                mmJingle
                0x080106be                mmPlayModule
                0x08010788                mmPause
                0x080107a4                mmResume
                0x080107b4                mmActive
                0x080107ba                mmActiveSub
                0x080107c0                mmSetModuleVolume
                0x080107d0                mmSetJingleVolume
                0x0801080c                mmGetPositionTick
                0x08010812                mmGetPositionRow
                0x08010818                mmGetPosition
                0x0801081e                mmPosition
                0x08010838                mmSetModuleTempo
                0x0801086a                mmSetModulePitch
                0x080108ac                mmStop
                0x08010972                mppUpdateSub
                0x08010ace                mpp_Process_VolumeCommand
                0x08010d06                mpp_Process_Effect
                0x08011454                ST3_FREQTABLE
                0x08011874                IT_PitchTable
 .text          0x08011b94       0x14 /opt/devkitpro/libgba/lib/libmm.a(mm_main.o)
                0x08011b94                mpp_call_r7
                0x08011b96                mpp_call_r1
                0x08011b98                mpp_call_r2
                0x08011b9a                mpp_call_r3
                0x08011b9c                mmSetEventHandler
 .text          0x08011ba8      0x314 /opt/devkitpro/libgba/lib/libmm.a(mm_effect.o)
                0x08011ba8                mmResetEffects
                0x08011bd4                mmEffect
                0x08011bea                mmEffectEx
                0x08011cea                mmEffectActive
                0x08011d1e                mmEffectVolume
                0x08011d3a                mmEffectPanning
                0x08011d4e                mmEffectRate
                0x08011d62                mmEffectCancel
                0x08011d9c                mmEffectRelease
                0x08011dc2                mmEffectScaleRate
                0x08011dd6                mmSetEffectsVolume
                0x08011de4                mmEffectCancelAll
                0x08011e24                mmUpdateEffects
 .text          0x08011ebc      0x1e0 /opt/devkitpro/libgba/lib/libmm.a(mm_mixer_gba.o)
                0x08011ebc                mmMixerSetSource
                0x08011ed0                mmMixerSetRead
                0x08011ede                mmMixerSetFreq
                0x08011eee                mmMixerMulFreq
                0x08011f02                mmMixerStopChannel
                0x08011f14                mmMixerChannelActive
                0x08011f26                mmMixerSetVolume
                0x08011f34                mmMixerSetPan
                0x08011f42                mmMixerInit
 .text          0x0801209c      0x12c /opt/devkitpro/libgba/lib/libmm.a(mm_main_gba.o)
                0x0801209c                mmInit
                0x080120f0                mmSetVBlankHandler
                0x080120f6                mmFrame
 .text          0x080121c8       0x3c /opt/devkitpro/devkitARM/bin/../lib/gcc/arm-none-eabi/13.2.0/thumb/libgcc.a(_call_via_rX.o)
                0x080121c8                _call_via_r0
                0x080121cc                _call_via_r1
                0x080121d0                _call_via_r2
                0x080121d4                _call_via_r3
                0x080121d8                _call_via_r4
                0x080121dc                _call_via_r5
                0x080121e0                _call_via_r6
                0x080121e4                _call_via_r7
                0x080121e8                _call_via_r8
                0x080121ec                _call_via_r9
                0x080121f0                _call_via_sl
                0x080121f4                _call_via_fp
                0x080121f8                _call_via_ip
                0x080121fc                _call_via_sp
                0x08012200                _call_via_lr
 *fill*         0x08012204        0x4 ff
 .text.__stub   0x08012208       0xd8 linker stubs
 *(.gnu.linkonce.t.*)
 *(.text.*personality*)
 *(.gnu.warning)
 *(.glue_7t)
 .glue_7t       0x08012328        0x0 linker stubs
 *(.glue_7)
 .glue_7        0x08012328        0x0 linker stubs
 *(.vfp11_veneer)
 .vfp11_veneer  0x08012328        0x0 linker stubs
                0x08012328                        . = ALIGN (0x4)
                0x08012328                        __text_end = .

.v4_bx          0x08012328        0x0
 .v4_bx         0x08012328        0x0 linker stubs

.iplt           0x08012328        0x0
 .iplt          0x08012328        0x0 /opt/devkitpro/devkitARM/bin/../lib/gcc/arm-none-eabi/13.2.0/../../../../arm-none-eabi/lib/thumb/gba_crt0.o

.fini           0x08012328        0xc
 *(.fini)
 .fini          0x08012328        0x4 /opt/devkitpro/devkitARM/bin/../lib/gcc/arm-none-eabi/13.2.0/thumb/crti.o
                0x08012328                _fini
 .fini          0x0801232c        0x8 /opt/devkitpro/devkitARM/bin/../lib/gcc/arm-none-eabi/13.2.0/thumb/crtn.o
                0x08012334                        . = ALIGN (0x4)

.rodata         0x08012334    0x106e8
 *(.rodata)
 .rodata        0x08012334       0x40 arrow_bn_gfx.o
                0x08012334                arrow_bn_gfxTiles
                0x08012354                arrow_bn_gfxPal
 .rodata        0x08012374     0x5840 bg_space_bn_gfx.o
                0x08012374                bg_space_bn_gfxTiles
                0x08017394                bg_space_bn_gfxMap
                0x08017b94                bg_space_bn_gfxPal
 .rodata        0x08017bb4       0x10 bn_sprite_tiles_manager.o
 .rodata        0x08017bc4       0x90 gbt_player.o
 .rodata        0x08017c54      0xef8 verdana9.o
                0x08017c54                verdana9Font
                0x08017c6c                verdana9Glyphs
                0x08018a6c                verdana9Widths
 *all.rodata*(*)
 *(.roda)
 *(.rodata.*)
 .rodata._bn_audio_soundbank_bin
                0x08018b4c     0x6de4 _bn_audio_soundbank.bin.o
                0x08018b4c                _bn_audio_soundbank_bin
                0x0801f930                _bn_audio_soundbank_bin_end
 .rodata._ZN2bn16regular_bg_items8bg_spaceE
                0x0801f930       0x28 main.o
                0x0801f930                bn::regular_bg_items::bg_space
 .rodata._ZN2bn12sprite_items5arrowE
                0x0801f958       0x1c main.o
                0x0801f958                bn::sprite_items::arrow
 .rodata._ZN2bn13audio_manager16execute_commandsEv.str1.4
                0x0801f974     0x205d bn_audio_manager.o
                                 0x8a (size before relaxing)
 *fill*         0x080219d1        0x3 ff
 .rodata._ZN2bn13audio_manager16execute_commandsEv
                0x080219d4       0x48 bn_audio_manager.o
 .rodata._ZN2bn13audio_manager10play_musicENS_10music_itemENS_7fixed_tILi12EEEb.str1.4
                0x08021a1c       0x49 bn_audio_manager.o
 .rodata._ZN2bn13audio_manager15stop_all_soundsEv.str1.4
                0x08021a1c       0x10 bn_audio_manager.o
 .rodata._ZN2bn13audio_manager10stop_musicEv.str1.4